Mar 09 22:36:06 localhost kernel: Linux version 5.14.0-611.5.1.el9_7.x86_64 (mockbuild@x86-64-03.build.eng.rdu2.redhat.com) (gcc (GCC) 11.5.0 20240719 (Red Hat 11.5.0-11), GNU ld version 2.35.2-67.el9) #1 SMP PREEMPT_DYNAMIC Fri Oct 17 14:16:35 EDT 2025
Mar 09 22:36:06 localhost kernel: The list of certified hardware and cloud instances for Red Hat Enterprise Linux 9 can be viewed at the Red Hat Ecosystem Catalog, https://catalog.redhat.com.
Mar 09 22:36:06 localhost kernel: Command line: BOOT_IMAGE=/images/pxeboot/vmlinuz inst.stage2=hd:LABEL=RHEL-9-7-0-BaseOS-x86_64 quiet
Mar 09 22:36:06 localhost kernel: BIOS-provided physical RAM map:
Mar 09 22:36:06 localhost kernel: BIOS-e820: [mem 0x0000000000000000-0x0000000000000fff] ACPI NVS
Mar 09 22:36:06 localhost kernel: BIOS-e820: [mem 0x0000000000001000-0x0000000000001fff] reserved
Mar 09 22:36:06 localhost kernel: BIOS-e820: [mem 0x0000000000002000-0x000000000009ffff] usable
Mar 09 22:36:06 localhost kernel: BIOS-e820: [mem 0x00000000000c0000-0x00000000000fffff] reserved
Mar 09 22:36:06 localhost kernel: BIOS-e820: [mem 0x0000000000100000-0x000000000de8efff] usable
Mar 09 22:36:06 localhost kernel: BIOS-e820: [mem 0x000000000de8f000-0x000000000de8ffff] ACPI data
Mar 09 22:36:06 localhost kernel: BIOS-e820: [mem 0x000000000de90000-0x000000000de9ffff] usable
Mar 09 22:36:06 localhost kernel: BIOS-e820: [mem 0x000000000dea0000-0x000000000dea0fff] ACPI data
Mar 09 22:36:06 localhost kernel: BIOS-e820: [mem 0x000000000dea1000-0x000000000ea4afff] usable
Mar 09 22:36:06 localhost kernel: BIOS-e820: [mem 0x000000000ea4b000-0x000000000ea50fff] ACPI NVS
Mar 09 22:36:06 localhost kernel: BIOS-e820: [mem 0x000000000ea51000-0x000000000fb6efff] usable
Mar 09 22:36:06 localhost kernel: BIOS-e820: [mem 0x000000000fb6f000-0x000000000fbdefff] reserved
Mar 09 22:36:06 localhost kernel: BIOS-e820: [mem 0x000000000fbdf000-0x000000000fbfafff] ACPI data
Mar 09 22:36:06 localhost kernel: BIOS-e820: [mem 0x000000000fbfb000-0x000000000fbfefff] ACPI NVS
Mar 09 22:36:06 localhost kernel: BIOS-e820: [mem 0x000000000fbff000-0x00000000bfffffff] usable
Mar 09 22:36:06 localhost kernel: BIOS-e820: [mem 0x00000000ffc00000-0x00000000ffc29fff] reserved
Mar 09 22:36:06 localhost kernel: BIOS-e820: [mem 0x0000000100000000-0x000000013fffffff] usable
Mar 09 22:36:06 localhost kernel: NX (Execute Disable) protection: active
Mar 09 22:36:06 localhost kernel: APIC: Static calls initialized
Mar 09 22:36:06 localhost kernel: e820: update [mem 0x0de97018-0x0de9f057] usable ==> usable
Mar 09 22:36:06 localhost kernel: e820: update [mem 0x0de94018-0x0de96057] usable ==> usable
Mar 09 22:36:06 localhost kernel: e820: update [mem 0x0de92018-0x0de93857] usable ==> usable
Mar 09 22:36:06 localhost kernel: e820: update [mem 0x0de90018-0x0de91e57] usable ==> usable
Mar 09 22:36:06 localhost kernel: extended physical RAM map:
Mar 09 22:36:06 localhost kernel: reserve setup_data: [mem 0x0000000000000000-0x0000000000000fff] ACPI NVS
Mar 09 22:36:06 localhost kernel: reserve setup_data: [mem 0x0000000000001000-0x0000000000001fff] reserved
Mar 09 22:36:06 localhost kernel: reserve setup_data: [mem 0x0000000000002000-0x000000000009ffff] usable
Mar 09 22:36:06 localhost kernel: reserve setup_data: [mem 0x00000000000c0000-0x00000000000fffff] reserved
Mar 09 22:36:06 localhost kernel: reserve setup_data: [mem 0x0000000000100000-0x000000000de8efff] usable
Mar 09 22:36:06 localhost kernel: reserve setup_data: [mem 0x000000000de8f000-0x000000000de8ffff] ACPI data
Mar 09 22:36:06 localhost kernel: reserve setup_data: [mem 0x000000000de90000-0x000000000de90017] usable
Mar 09 22:36:06 localhost kernel: reserve setup_data: [mem 0x000000000de90018-0x000000000de91e57] usable
Mar 09 22:36:06 localhost kernel: reserve setup_data: [mem 0x000000000de91e58-0x000000000de92017] usable
Mar 09 22:36:06 localhost kernel: reserve setup_data: [mem 0x000000000de92018-0x000000000de93857] usable
Mar 09 22:36:06 localhost kernel: reserve setup_data: [mem 0x000000000de93858-0x000000000de94017] usable
Mar 09 22:36:06 localhost kernel: reserve setup_data: [mem 0x000000000de94018-0x000000000de96057] usable
Mar 09 22:36:06 localhost kernel: reserve setup_data: [mem 0x000000000de96058-0x000000000de97017] usable
Mar 09 22:36:06 localhost kernel: reserve setup_data: [mem 0x000000000de97018-0x000000000de9f057] usable
Mar 09 22:36:06 localhost kernel: reserve setup_data: [mem 0x000000000de9f058-0x000000000de9ffff] usable
Mar 09 22:36:06 localhost kernel: reserve setup_data: [mem 0x000000000dea0000-0x000000000dea0fff] ACPI data
Mar 09 22:36:06 localhost kernel: reserve setup_data: [mem 0x000000000dea1000-0x000000000ea4afff] usable
Mar 09 22:36:06 localhost kernel: reserve setup_data: [mem 0x000000000ea4b000-0x000000000ea50fff] ACPI NVS
Mar 09 22:36:06 localhost kernel: reserve setup_data: [mem 0x000000000ea51000-0x000000000fb6efff] usable
Mar 09 22:36:06 localhost kernel: reserve setup_data: [mem 0x000000000fb6f000-0x000000000fbdefff] reserved
Mar 09 22:36:06 localhost kernel: reserve setup_data: [mem 0x000000000fbdf000-0x000000000fbfafff] ACPI data
Mar 09 22:36:06 localhost kernel: reserve setup_data: [mem 0x000000000fbfb000-0x000000000fbfefff] ACPI NVS
Mar 09 22:36:06 localhost kernel: reserve setup_data: [mem 0x000000000fbff000-0x00000000bfffffff] usable
Mar 09 22:36:06 localhost kernel: reserve setup_data: [mem 0x00000000ffc00000-0x00000000ffc29fff] reserved
Mar 09 22:36:06 localhost kernel: reserve setup_data: [mem 0x0000000100000000-0x000000013fffffff] usable
Mar 09 22:36:06 localhost kernel: efi: EFI v2.7 by VMware, Inc.
Mar 09 22:36:06 localhost kernel: efi: SMBIOS=0xea4b000 MEMATTR=0xdece018 ACPI 2.0=0xfbdf000 MOKvar=0xfbbd000 RNG=0xdea0018 
Mar 09 22:36:06 localhost kernel: efi: Not removing mem44: MMIO range=[0xffc00000-0xffc29fff] (168KB) from e820 map
Mar 09 22:36:06 localhost kernel: secureboot: Secure boot disabled
Mar 09 22:36:06 localhost kernel: SMBIOS 2.7 present.
Mar 09 22:36:06 localhost kernel: DMI: VMware, Inc. VMware20,1/440BX Desktop Reference Platform, BIOS VMW201.00V.24866131.B64.2507211911 07/21/2025
Mar 09 22:36:06 localhost kernel: vmware: hypercall mode: 0x02
Mar 09 22:36:06 localhost kernel: Hypervisor detected: VMware
Mar 09 22:36:06 localhost kernel: vmware: TSC freq read from hypervisor : 2803.200 MHz
Mar 09 22:36:06 localhost kernel: vmware: Host bus clock speed read from hypervisor : 66000000 Hz
Mar 09 22:36:06 localhost kernel: vmware: using clock offset of 64591411916 ns
Mar 09 22:36:06 localhost kernel: tsc: Detected 2803.200 MHz processor
Mar 09 22:36:06 localhost kernel: e820: update [mem 0x00000000-0x00000fff] usable ==> reserved
Mar 09 22:36:06 localhost kernel: e820: remove [mem 0x000a0000-0x000fffff] usable
Mar 09 22:36:06 localhost kernel: last_pfn = 0x140000 max_arch_pfn = 0x400000000
Mar 09 22:36:06 localhost kernel: total RAM covered: 130048M
Mar 09 22:36:06 localhost kernel: Found optimal setting for mtrr clean up
Mar 09 22:36:06 localhost kernel:  gran_size: 64K         chunk_size: 64K         num_reg: 7          lose cover RAM: 0G
Mar 09 22:36:06 localhost kernel: MTRR map: 4 entries (2 fixed + 2 variable; max 18), built from 8 variable MTRRs
Mar 09 22:36:06 localhost kernel: x86/PAT: Configuration [0-7]: WB  WC  UC- UC  WB  WP  UC- WT  
Mar 09 22:36:06 localhost kernel: e820: update [mem 0xc0000000-0xffffffff] usable ==> reserved
Mar 09 22:36:06 localhost kernel: last_pfn = 0xc0000 max_arch_pfn = 0x400000000
Mar 09 22:36:06 localhost kernel: Using GB pages for direct mapping
Mar 09 22:36:06 localhost kernel: secureboot: Secure boot disabled
Mar 09 22:36:06 localhost kernel: RAMDISK: [mem 0xb65f5000-0xbfffffff]
Mar 09 22:36:06 localhost kernel: ACPI: Early table checksum verification disabled
Mar 09 22:36:06 localhost kernel: ACPI: RSDP 0x000000000FBDF000 000024 (v02 VMWARE)
Mar 09 22:36:06 localhost kernel: ACPI: XSDT 0x000000000FBDF064 00005C (v01 INTEL  440BX    06040000 VMW  01324272)
Mar 09 22:36:06 localhost kernel: ACPI: SRAT 0x000000000FBDF0C0 0008D0 (v03 VMWARE EFISRAT  06040001 VMW  000007CE)
Mar 09 22:36:06 localhost kernel: ACPI: FACP 0x000000000FBFA2FF 0000F4 (v04 INTEL  440BX    06040000 PTL  000F4240)
Mar 09 22:36:06 localhost kernel: ACPI: DSDT 0x000000000FBDF990 01A96F (v01 PTLTD  Custom   00000000 INTL 20130823)
Mar 09 22:36:06 localhost kernel: ACPI: FACS 0x000000000FBFE000 000040
Mar 09 22:36:06 localhost kernel: ACPI: FACS 0x000000000FBFE000 000040
Mar 09 22:36:06 localhost kernel: ACPI: APIC 0x000000000FBFA467 000742 (v03 VMWARE EFIAPIC  06040001 VMW  000007CE)
Mar 09 22:36:06 localhost kernel: ACPI: MCFG 0x000000000FBFABA9 00003C (v01 VMWARE EFIMCFG  06040001 VMW  000007CE)
Mar 09 22:36:06 localhost kernel: ACPI: HPET 0x000000000FBFABE5 000038 (v01 VMWARE VMW HPET 00000000 VMW  00000000)
Mar 09 22:36:06 localhost kernel: ACPI: WAET 0x000000000FBFAC1D 000028 (v01 VMWARE VMW WAET 06040001 VMW  00000001)
Mar 09 22:36:06 localhost kernel: ACPI: WSMT 0x000000000FBFAC45 000028 (v01 VMWARE VMW WSMT 06040001 VMW  00000001)
Mar 09 22:36:06 localhost kernel: ACPI: Reserving SRAT table memory at [mem 0xfbdf0c0-0xfbdf98f]
Mar 09 22:36:06 localhost kernel: ACPI: Reserving FACP table memory at [mem 0xfbfa2ff-0xfbfa3f2]
Mar 09 22:36:06 localhost kernel: ACPI: Reserving DSDT table memory at [mem 0xfbdf990-0xfbfa2fe]
Mar 09 22:36:06 localhost kernel: ACPI: Reserving FACS table memory at [mem 0xfbfe000-0xfbfe03f]
Mar 09 22:36:06 localhost kernel: ACPI: Reserving FACS table memory at [mem 0xfbfe000-0xfbfe03f]
Mar 09 22:36:06 localhost kernel: ACPI: Reserving APIC table memory at [mem 0xfbfa467-0xfbfaba8]
Mar 09 22:36:06 localhost kernel: ACPI: Reserving MCFG table memory at [mem 0xfbfaba9-0xfbfabe4]
Mar 09 22:36:06 localhost kernel: ACPI: Reserving HPET table memory at [mem 0xfbfabe5-0xfbfac1c]
Mar 09 22:36:06 localhost kernel: ACPI: Reserving WAET table memory at [mem 0xfbfac1d-0xfbfac44]
Mar 09 22:36:06 localhost kernel: ACPI: Reserving WSMT table memory at [mem 0xfbfac45-0xfbfac6c]
Mar 09 22:36:06 localhost kernel: system APIC only can use physical flat
Mar 09 22:36:06 localhost kernel: APIC: Switched APIC routing to: physical flat
Mar 09 22:36:06 localhost kernel: SRAT: PXM 0 -> APIC 0x00 -> Node 0
Mar 09 22:36:06 localhost kernel: SRAT: PXM 0 -> APIC 0x02 -> Node 0
Mar 09 22:36:06 localhost kernel: SRAT: PXM 0 -> APIC 0x04 -> Node 0
Mar 09 22:36:06 localhost kernel: SRAT: PXM 0 -> APIC 0x06 -> Node 0
Mar 09 22:36:06 localhost kernel: SRAT: PXM 0 -> APIC 0x08 -> Node 0
Mar 09 22:36:06 localhost kernel: SRAT: PXM 0 -> APIC 0x0a -> Node 0
Mar 09 22:36:06 localhost kernel: SRAT: PXM 0 -> APIC 0x0c -> Node 0
Mar 09 22:36:06 localhost kernel: SRAT: PXM 0 -> APIC 0x0e -> Node 0
Mar 09 22:36:06 localhost kernel: SRAT: PXM 0 -> APIC 0x10 -> Node 0
Mar 09 22:36:06 localhost kernel: SRAT: PXM 0 -> APIC 0x12 -> Node 0
Mar 09 22:36:06 localhost kernel: SRAT: PXM 0 -> APIC 0x14 -> Node 0
Mar 09 22:36:06 localhost kernel: SRAT: PXM 0 -> APIC 0x16 -> Node 0
Mar 09 22:36:06 localhost kernel: SRAT: PXM 0 -> APIC 0x18 -> Node 0
Mar 09 22:36:06 localhost kernel: SRAT: PXM 0 -> APIC 0x1a -> Node 0
Mar 09 22:36:06 localhost kernel: SRAT: PXM 0 -> APIC 0x1c -> Node 0
Mar 09 22:36:06 localhost kernel: SRAT: PXM 0 -> APIC 0x1e -> Node 0
Mar 09 22:36:06 localhost kernel: SRAT: PXM 0 -> APIC 0x20 -> Node 0
Mar 09 22:36:06 localhost kernel: SRAT: PXM 0 -> APIC 0x22 -> Node 0
Mar 09 22:36:06 localhost kernel: SRAT: PXM 0 -> APIC 0x24 -> Node 0
Mar 09 22:36:06 localhost kernel: SRAT: PXM 0 -> APIC 0x26 -> Node 0
Mar 09 22:36:06 localhost kernel: SRAT: PXM 0 -> APIC 0x28 -> Node 0
Mar 09 22:36:06 localhost kernel: SRAT: PXM 0 -> APIC 0x2a -> Node 0
Mar 09 22:36:06 localhost kernel: SRAT: PXM 0 -> APIC 0x2c -> Node 0
Mar 09 22:36:06 localhost kernel: SRAT: PXM 0 -> APIC 0x2e -> Node 0
Mar 09 22:36:06 localhost kernel: SRAT: PXM 0 -> APIC 0x30 -> Node 0
Mar 09 22:36:06 localhost kernel: SRAT: PXM 0 -> APIC 0x32 -> Node 0
Mar 09 22:36:06 localhost kernel: SRAT: PXM 0 -> APIC 0x34 -> Node 0
Mar 09 22:36:06 localhost kernel: SRAT: PXM 0 -> APIC 0x36 -> Node 0
Mar 09 22:36:06 localhost kernel: SRAT: PXM 0 -> APIC 0x38 -> Node 0
Mar 09 22:36:06 localhost kernel: SRAT: PXM 0 -> APIC 0x3a -> Node 0
Mar 09 22:36:06 localhost kernel: SRAT: PXM 0 -> APIC 0x3c -> Node 0
Mar 09 22:36:06 localhost kernel: SRAT: PXM 0 -> APIC 0x3e -> Node 0
Mar 09 22:36:06 localhost kernel: SRAT: PXM 0 -> APIC 0x40 -> Node 0
Mar 09 22:36:06 localhost kernel: SRAT: PXM 0 -> APIC 0x42 -> Node 0
Mar 09 22:36:06 localhost kernel: SRAT: PXM 0 -> APIC 0x44 -> Node 0
Mar 09 22:36:06 localhost kernel: SRAT: PXM 0 -> APIC 0x46 -> Node 0
Mar 09 22:36:06 localhost kernel: SRAT: PXM 0 -> APIC 0x48 -> Node 0
Mar 09 22:36:06 localhost kernel: SRAT: PXM 0 -> APIC 0x4a -> Node 0
Mar 09 22:36:06 localhost kernel: SRAT: PXM 0 -> APIC 0x4c -> Node 0
Mar 09 22:36:06 localhost kernel: SRAT: PXM 0 -> APIC 0x4e -> Node 0
Mar 09 22:36:06 localhost kernel: SRAT: PXM 0 -> APIC 0x50 -> Node 0
Mar 09 22:36:06 localhost kernel: SRAT: PXM 0 -> APIC 0x52 -> Node 0
Mar 09 22:36:06 localhost kernel: SRAT: PXM 0 -> APIC 0x54 -> Node 0
Mar 09 22:36:06 localhost kernel: SRAT: PXM 0 -> APIC 0x56 -> Node 0
Mar 09 22:36:06 localhost kernel: SRAT: PXM 0 -> APIC 0x58 -> Node 0
Mar 09 22:36:06 localhost kernel: SRAT: PXM 0 -> APIC 0x5a -> Node 0
Mar 09 22:36:06 localhost kernel: SRAT: PXM 0 -> APIC 0x5c -> Node 0
Mar 09 22:36:06 localhost kernel: SRAT: PXM 0 -> APIC 0x5e -> Node 0
Mar 09 22:36:06 localhost kernel: SRAT: PXM 0 -> APIC 0x60 -> Node 0
Mar 09 22:36:06 localhost kernel: SRAT: PXM 0 -> APIC 0x62 -> Node 0
Mar 09 22:36:06 localhost kernel: SRAT: PXM 0 -> APIC 0x64 -> Node 0
Mar 09 22:36:06 localhost kernel: SRAT: PXM 0 -> APIC 0x66 -> Node 0
Mar 09 22:36:06 localhost kernel: SRAT: PXM 0 -> APIC 0x68 -> Node 0
Mar 09 22:36:06 localhost kernel: SRAT: PXM 0 -> APIC 0x6a -> Node 0
Mar 09 22:36:06 localhost kernel: SRAT: PXM 0 -> APIC 0x6c -> Node 0
Mar 09 22:36:06 localhost kernel: SRAT: PXM 0 -> APIC 0x6e -> Node 0
Mar 09 22:36:06 localhost kernel: SRAT: PXM 0 -> APIC 0x70 -> Node 0
Mar 09 22:36:06 localhost kernel: SRAT: PXM 0 -> APIC 0x72 -> Node 0
Mar 09 22:36:06 localhost kernel: SRAT: PXM 0 -> APIC 0x74 -> Node 0
Mar 09 22:36:06 localhost kernel: SRAT: PXM 0 -> APIC 0x76 -> Node 0
Mar 09 22:36:06 localhost kernel: SRAT: PXM 0 -> APIC 0x78 -> Node 0
Mar 09 22:36:06 localhost kernel: SRAT: PXM 0 -> APIC 0x7a -> Node 0
Mar 09 22:36:06 localhost kernel: SRAT: PXM 0 -> APIC 0x7c -> Node 0
Mar 09 22:36:06 localhost kernel: SRAT: PXM 0 -> APIC 0x7e -> Node 0
Mar 09 22:36:06 localhost kernel: SRAT: PXM 0 -> APIC 0x80 -> Node 0
Mar 09 22:36:06 localhost kernel: SRAT: PXM 0 -> APIC 0x82 -> Node 0
Mar 09 22:36:06 localhost kernel: SRAT: PXM 0 -> APIC 0x84 -> Node 0
Mar 09 22:36:06 localhost kernel: SRAT: PXM 0 -> APIC 0x86 -> Node 0
Mar 09 22:36:06 localhost kernel: SRAT: PXM 0 -> APIC 0x88 -> Node 0
Mar 09 22:36:06 localhost kernel: SRAT: PXM 0 -> APIC 0x8a -> Node 0
Mar 09 22:36:06 localhost kernel: SRAT: PXM 0 -> APIC 0x8c -> Node 0
Mar 09 22:36:06 localhost kernel: SRAT: PXM 0 -> APIC 0x8e -> Node 0
Mar 09 22:36:06 localhost kernel: SRAT: PXM 0 -> APIC 0x90 -> Node 0
Mar 09 22:36:06 localhost kernel: SRAT: PXM 0 -> APIC 0x92 -> Node 0
Mar 09 22:36:06 localhost kernel: SRAT: PXM 0 -> APIC 0x94 -> Node 0
Mar 09 22:36:06 localhost kernel: SRAT: PXM 0 -> APIC 0x96 -> Node 0
Mar 09 22:36:06 localhost kernel: SRAT: PXM 0 -> APIC 0x98 -> Node 0
Mar 09 22:36:06 localhost kernel: SRAT: PXM 0 -> APIC 0x9a -> Node 0
Mar 09 22:36:06 localhost kernel: SRAT: PXM 0 -> APIC 0x9c -> Node 0
Mar 09 22:36:06 localhost kernel: SRAT: PXM 0 -> APIC 0x9e -> Node 0
Mar 09 22:36:06 localhost kernel: SRAT: PXM 0 -> APIC 0xa0 -> Node 0
Mar 09 22:36:06 localhost kernel: SRAT: PXM 0 -> APIC 0xa2 -> Node 0
Mar 09 22:36:06 localhost kernel: SRAT: PXM 0 -> APIC 0xa4 -> Node 0
Mar 09 22:36:06 localhost kernel: SRAT: PXM 0 -> APIC 0xa6 -> Node 0
Mar 09 22:36:06 localhost kernel: SRAT: PXM 0 -> APIC 0xa8 -> Node 0
Mar 09 22:36:06 localhost kernel: SRAT: PXM 0 -> APIC 0xaa -> Node 0
Mar 09 22:36:06 localhost kernel: SRAT: PXM 0 -> APIC 0xac -> Node 0
Mar 09 22:36:06 localhost kernel: SRAT: PXM 0 -> APIC 0xae -> Node 0
Mar 09 22:36:06 localhost kernel: SRAT: PXM 0 -> APIC 0xb0 -> Node 0
Mar 09 22:36:06 localhost kernel: SRAT: PXM 0 -> APIC 0xb2 -> Node 0
Mar 09 22:36:06 localhost kernel: SRAT: PXM 0 -> APIC 0xb4 -> Node 0
Mar 09 22:36:06 localhost kernel: SRAT: PXM 0 -> APIC 0xb6 -> Node 0
Mar 09 22:36:06 localhost kernel: SRAT: PXM 0 -> APIC 0xb8 -> Node 0
Mar 09 22:36:06 localhost kernel: SRAT: PXM 0 -> APIC 0xba -> Node 0
Mar 09 22:36:06 localhost kernel: SRAT: PXM 0 -> APIC 0xbc -> Node 0
Mar 09 22:36:06 localhost kernel: SRAT: PXM 0 -> APIC 0xbe -> Node 0
Mar 09 22:36:06 localhost kernel: SRAT: PXM 0 -> APIC 0xc0 -> Node 0
Mar 09 22:36:06 localhost kernel: SRAT: PXM 0 -> APIC 0xc2 -> Node 0
Mar 09 22:36:06 localhost kernel: SRAT: PXM 0 -> APIC 0xc4 -> Node 0
Mar 09 22:36:06 localhost kernel: SRAT: PXM 0 -> APIC 0xc6 -> Node 0
Mar 09 22:36:06 localhost kernel: SRAT: PXM 0 -> APIC 0xc8 -> Node 0
Mar 09 22:36:06 localhost kernel: SRAT: PXM 0 -> APIC 0xca -> Node 0
Mar 09 22:36:06 localhost kernel: SRAT: PXM 0 -> APIC 0xcc -> Node 0
Mar 09 22:36:06 localhost kernel: SRAT: PXM 0 -> APIC 0xce -> Node 0
Mar 09 22:36:06 localhost kernel: SRAT: PXM 0 -> APIC 0xd0 -> Node 0
Mar 09 22:36:06 localhost kernel: SRAT: PXM 0 -> APIC 0xd2 -> Node 0
Mar 09 22:36:06 localhost kernel: SRAT: PXM 0 -> APIC 0xd4 -> Node 0
Mar 09 22:36:06 localhost kernel: SRAT: PXM 0 -> APIC 0xd6 -> Node 0
Mar 09 22:36:06 localhost kernel: SRAT: PXM 0 -> APIC 0xd8 -> Node 0
Mar 09 22:36:06 localhost kernel: SRAT: PXM 0 -> APIC 0xda -> Node 0
Mar 09 22:36:06 localhost kernel: SRAT: PXM 0 -> APIC 0xdc -> Node 0
Mar 09 22:36:06 localhost kernel: SRAT: PXM 0 -> APIC 0xde -> Node 0
Mar 09 22:36:06 localhost kernel: SRAT: PXM 0 -> APIC 0xe0 -> Node 0
Mar 09 22:36:06 localhost kernel: SRAT: PXM 0 -> APIC 0xe2 -> Node 0
Mar 09 22:36:06 localhost kernel: SRAT: PXM 0 -> APIC 0xe4 -> Node 0
Mar 09 22:36:06 localhost kernel: SRAT: PXM 0 -> APIC 0xe6 -> Node 0
Mar 09 22:36:06 localhost kernel: SRAT: PXM 0 -> APIC 0xe8 -> Node 0
Mar 09 22:36:06 localhost kernel: SRAT: PXM 0 -> APIC 0xea -> Node 0
Mar 09 22:36:06 localhost kernel: SRAT: PXM 0 -> APIC 0xec -> Node 0
Mar 09 22:36:06 localhost kernel: SRAT: PXM 0 -> APIC 0xee -> Node 0
Mar 09 22:36:06 localhost kernel: SRAT: PXM 0 -> APIC 0xf0 -> Node 0
Mar 09 22:36:06 localhost kernel: SRAT: PXM 0 -> APIC 0xf2 -> Node 0
Mar 09 22:36:06 localhost kernel: SRAT: PXM 0 -> APIC 0xf4 -> Node 0
Mar 09 22:36:06 localhost kernel: SRAT: PXM 0 -> APIC 0xf6 -> Node 0
Mar 09 22:36:06 localhost kernel: SRAT: PXM 0 -> APIC 0xf8 -> Node 0
Mar 09 22:36:06 localhost kernel: SRAT: PXM 0 -> APIC 0xfa -> Node 0
Mar 09 22:36:06 localhost kernel: SRAT: PXM 0 -> APIC 0xfc -> Node 0
Mar 09 22:36:06 localhost kernel: SRAT: PXM 0 -> APIC 0xfe -> Node 0
Mar 09 22:36:06 localhost kernel: ACPI: SRAT: Node 0 PXM 0 [mem 0x00000000-0x0009ffff]
Mar 09 22:36:06 localhost kernel: ACPI: SRAT: Node 0 PXM 0 [mem 0x00100000-0xbfffffff]
Mar 09 22:36:06 localhost kernel: ACPI: SRAT: Node 0 PXM 0 [mem 0x100000000-0x13fffffff]
Mar 09 22:36:06 localhost kernel: ACPI: SRAT: Node 0 PXM 0 [mem 0x140000000-0x103fffffff] hotplug
Mar 09 22:36:06 localhost kernel: NUMA: Node 0 [mem 0x00000000-0x0009ffff] + [mem 0x00100000-0xbfffffff] -> [mem 0x00000000-0xbfffffff]
Mar 09 22:36:06 localhost kernel: NUMA: Node 0 [mem 0x00000000-0xbfffffff] + [mem 0x100000000-0x13fffffff] -> [mem 0x00000000-0x13fffffff]
Mar 09 22:36:06 localhost kernel: NODE_DATA(0) allocated [mem 0x13ffd5000-0x13fffffff]
Mar 09 22:36:06 localhost kernel: Zone ranges:
Mar 09 22:36:06 localhost kernel:   DMA      [mem 0x0000000000002000-0x0000000000ffffff]
Mar 09 22:36:06 localhost kernel:   DMA32    [mem 0x0000000001000000-0x00000000ffffffff]
Mar 09 22:36:06 localhost kernel:   Normal   [mem 0x0000000100000000-0x000000013fffffff]
Mar 09 22:36:06 localhost kernel:   Device   empty
Mar 09 22:36:06 localhost kernel: Movable zone start for each node
Mar 09 22:36:06 localhost kernel: Early memory node ranges
Mar 09 22:36:06 localhost kernel:   node   0: [mem 0x0000000000002000-0x000000000009ffff]
Mar 09 22:36:06 localhost kernel:   node   0: [mem 0x0000000000100000-0x000000000de8efff]
Mar 09 22:36:06 localhost kernel:   node   0: [mem 0x000000000de90000-0x000000000de9ffff]
Mar 09 22:36:06 localhost kernel:   node   0: [mem 0x000000000dea1000-0x000000000ea4afff]
Mar 09 22:36:06 localhost kernel:   node   0: [mem 0x000000000ea51000-0x000000000fb6efff]
Mar 09 22:36:06 localhost kernel:   node   0: [mem 0x000000000fbff000-0x00000000bfffffff]
Mar 09 22:36:06 localhost kernel:   node   0: [mem 0x0000000100000000-0x000000013fffffff]
Mar 09 22:36:06 localhost kernel: Initmem setup node 0 [mem 0x0000000000002000-0x000000013fffffff]
Mar 09 22:36:06 localhost kernel: On node 0, zone DMA: 2 pages in unavailable ranges
Mar 09 22:36:06 localhost kernel: On node 0, zone DMA: 96 pages in unavailable ranges
Mar 09 22:36:06 localhost kernel: On node 0, zone DMA32: 1 pages in unavailable ranges
Mar 09 22:36:06 localhost kernel: On node 0, zone DMA32: 1 pages in unavailable ranges
Mar 09 22:36:06 localhost kernel: On node 0, zone DMA32: 6 pages in unavailable ranges
Mar 09 22:36:06 localhost kernel: On node 0, zone DMA32: 144 pages in unavailable ranges
Mar 09 22:36:06 localhost kernel: ACPI: PM-Timer IO Port: 0x448
Mar 09 22:36:06 localhost kernel: system APIC only can use physical flat
Mar 09 22:36:06 localhost kernel: ACPI: LAPIC_NMI (acpi_id[0x00] high edge lint[0x1])
Mar 09 22:36:06 localhost kernel: ACPI: LAPIC_NMI (acpi_id[0x01] high edge lint[0x1])
Mar 09 22:36:06 localhost kernel: ACPI: LAPIC_NMI (acpi_id[0x02] high edge lint[0x1])
Mar 09 22:36:06 localhost kernel: ACPI: LAPIC_NMI (acpi_id[0x03] high edge lint[0x1])
Mar 09 22:36:06 localhost kernel: ACPI: LAPIC_NMI (acpi_id[0x04] high edge lint[0x1])
Mar 09 22:36:06 localhost kernel: ACPI: LAPIC_NMI (acpi_id[0x05] high edge lint[0x1])
Mar 09 22:36:06 localhost kernel: ACPI: LAPIC_NMI (acpi_id[0x06] high edge lint[0x1])
Mar 09 22:36:06 localhost kernel: ACPI: LAPIC_NMI (acpi_id[0x07] high edge lint[0x1])
Mar 09 22:36:06 localhost kernel: ACPI: LAPIC_NMI (acpi_id[0x08] high edge lint[0x1])
Mar 09 22:36:06 localhost kernel: ACPI: LAPIC_NMI (acpi_id[0x09] high edge lint[0x1])
Mar 09 22:36:06 localhost kernel: ACPI: LAPIC_NMI (acpi_id[0x0a] high edge lint[0x1])
Mar 09 22:36:06 localhost kernel: ACPI: LAPIC_NMI (acpi_id[0x0b] high edge lint[0x1])
Mar 09 22:36:06 localhost kernel: ACPI: LAPIC_NMI (acpi_id[0x0c] high edge lint[0x1])
Mar 09 22:36:06 localhost kernel: ACPI: LAPIC_NMI (acpi_id[0x0d] high edge lint[0x1])
Mar 09 22:36:06 localhost kernel: ACPI: LAPIC_NMI (acpi_id[0x0e] high edge lint[0x1])
Mar 09 22:36:06 localhost kernel: ACPI: LAPIC_NMI (acpi_id[0x0f] high edge lint[0x1])
Mar 09 22:36:06 localhost kernel: ACPI: LAPIC_NMI (acpi_id[0x10] high edge lint[0x1])
Mar 09 22:36:06 localhost kernel: ACPI: LAPIC_NMI (acpi_id[0x11] high edge lint[0x1])
Mar 09 22:36:06 localhost kernel: ACPI: LAPIC_NMI (acpi_id[0x12] high edge lint[0x1])
Mar 09 22:36:06 localhost kernel: ACPI: LAPIC_NMI (acpi_id[0x13] high edge lint[0x1])
Mar 09 22:36:06 localhost kernel: ACPI: LAPIC_NMI (acpi_id[0x14] high edge lint[0x1])
Mar 09 22:36:06 localhost kernel: ACPI: LAPIC_NMI (acpi_id[0x15] high edge lint[0x1])
Mar 09 22:36:06 localhost kernel: ACPI: LAPIC_NMI (acpi_id[0x16] high edge lint[0x1])
Mar 09 22:36:06 localhost kernel: ACPI: LAPIC_NMI (acpi_id[0x17] high edge lint[0x1])
Mar 09 22:36:06 localhost kernel: ACPI: LAPIC_NMI (acpi_id[0x18] high edge lint[0x1])
Mar 09 22:36:06 localhost kernel: ACPI: LAPIC_NMI (acpi_id[0x19] high edge lint[0x1])
Mar 09 22:36:06 localhost kernel: ACPI: LAPIC_NMI (acpi_id[0x1a] high edge lint[0x1])
Mar 09 22:36:06 localhost kernel: ACPI: LAPIC_NMI (acpi_id[0x1b] high edge lint[0x1])
Mar 09 22:36:06 localhost kernel: ACPI: LAPIC_NMI (acpi_id[0x1c] high edge lint[0x1])
Mar 09 22:36:06 localhost kernel: ACPI: LAPIC_NMI (acpi_id[0x1d] high edge lint[0x1])
Mar 09 22:36:06 localhost kernel: ACPI: LAPIC_NMI (acpi_id[0x1e] high edge lint[0x1])
Mar 09 22:36:06 localhost kernel: ACPI: LAPIC_NMI (acpi_id[0x1f] high edge lint[0x1])
Mar 09 22:36:06 localhost kernel: ACPI: LAPIC_NMI (acpi_id[0x20] high edge lint[0x1])
Mar 09 22:36:06 localhost kernel: ACPI: LAPIC_NMI (acpi_id[0x21] high edge lint[0x1])
Mar 09 22:36:06 localhost kernel: ACPI: LAPIC_NMI (acpi_id[0x22] high edge lint[0x1])
Mar 09 22:36:06 localhost kernel: ACPI: LAPIC_NMI (acpi_id[0x23] high edge lint[0x1])
Mar 09 22:36:06 localhost kernel: ACPI: LAPIC_NMI (acpi_id[0x24] high edge lint[0x1])
Mar 09 22:36:06 localhost kernel: ACPI: LAPIC_NMI (acpi_id[0x25] high edge lint[0x1])
Mar 09 22:36:06 localhost kernel: ACPI: LAPIC_NMI (acpi_id[0x26] high edge lint[0x1])
Mar 09 22:36:06 localhost kernel: ACPI: LAPIC_NMI (acpi_id[0x27] high edge lint[0x1])
Mar 09 22:36:06 localhost kernel: ACPI: LAPIC_NMI (acpi_id[0x28] high edge lint[0x1])
Mar 09 22:36:06 localhost kernel: ACPI: LAPIC_NMI (acpi_id[0x29] high edge lint[0x1])
Mar 09 22:36:06 localhost kernel: ACPI: LAPIC_NMI (acpi_id[0x2a] high edge lint[0x1])
Mar 09 22:36:06 localhost kernel: ACPI: LAPIC_NMI (acpi_id[0x2b] high edge lint[0x1])
Mar 09 22:36:06 localhost kernel: ACPI: LAPIC_NMI (acpi_id[0x2c] high edge lint[0x1])
Mar 09 22:36:06 localhost kernel: ACPI: LAPIC_NMI (acpi_id[0x2d] high edge lint[0x1])
Mar 09 22:36:06 localhost kernel: ACPI: LAPIC_NMI (acpi_id[0x2e] high edge lint[0x1])
Mar 09 22:36:06 localhost kernel: ACPI: LAPIC_NMI (acpi_id[0x2f] high edge lint[0x1])
Mar 09 22:36:06 localhost kernel: ACPI: LAPIC_NMI (acpi_id[0x30] high edge lint[0x1])
Mar 09 22:36:06 localhost kernel: ACPI: LAPIC_NMI (acpi_id[0x31] high edge lint[0x1])
Mar 09 22:36:06 localhost kernel: ACPI: LAPIC_NMI (acpi_id[0x32] high edge lint[0x1])
Mar 09 22:36:06 localhost kernel: ACPI: LAPIC_NMI (acpi_id[0x33] high edge lint[0x1])
Mar 09 22:36:06 localhost kernel: ACPI: LAPIC_NMI (acpi_id[0x34] high edge lint[0x1])
Mar 09 22:36:06 localhost kernel: ACPI: LAPIC_NMI (acpi_id[0x35] high edge lint[0x1])
Mar 09 22:36:06 localhost kernel: ACPI: LAPIC_NMI (acpi_id[0x36] high edge lint[0x1])
Mar 09 22:36:06 localhost kernel: ACPI: LAPIC_NMI (acpi_id[0x37] high edge lint[0x1])
Mar 09 22:36:06 localhost kernel: ACPI: LAPIC_NMI (acpi_id[0x38] high edge lint[0x1])
Mar 09 22:36:06 localhost kernel: ACPI: LAPIC_NMI (acpi_id[0x39] high edge lint[0x1])
Mar 09 22:36:06 localhost kernel: ACPI: LAPIC_NMI (acpi_id[0x3a] high edge lint[0x1])
Mar 09 22:36:06 localhost kernel: ACPI: LAPIC_NMI (acpi_id[0x3b] high edge lint[0x1])
Mar 09 22:36:06 localhost kernel: ACPI: LAPIC_NMI (acpi_id[0x3c] high edge lint[0x1])
Mar 09 22:36:06 localhost kernel: ACPI: LAPIC_NMI (acpi_id[0x3d] high edge lint[0x1])
Mar 09 22:36:06 localhost kernel: ACPI: LAPIC_NMI (acpi_id[0x3e] high edge lint[0x1])
Mar 09 22:36:06 localhost kernel: ACPI: LAPIC_NMI (acpi_id[0x3f] high edge lint[0x1])
Mar 09 22:36:06 localhost kernel: ACPI: LAPIC_NMI (acpi_id[0x40] high edge lint[0x1])
Mar 09 22:36:06 localhost kernel: ACPI: LAPIC_NMI (acpi_id[0x41] high edge lint[0x1])
Mar 09 22:36:06 localhost kernel: ACPI: LAPIC_NMI (acpi_id[0x42] high edge lint[0x1])
Mar 09 22:36:06 localhost kernel: ACPI: LAPIC_NMI (acpi_id[0x43] high edge lint[0x1])
Mar 09 22:36:06 localhost kernel: ACPI: LAPIC_NMI (acpi_id[0x44] high edge lint[0x1])
Mar 09 22:36:06 localhost kernel: ACPI: LAPIC_NMI (acpi_id[0x45] high edge lint[0x1])
Mar 09 22:36:06 localhost kernel: ACPI: LAPIC_NMI (acpi_id[0x46] high edge lint[0x1])
Mar 09 22:36:06 localhost kernel: ACPI: LAPIC_NMI (acpi_id[0x47] high edge lint[0x1])
Mar 09 22:36:06 localhost kernel: ACPI: LAPIC_NMI (acpi_id[0x48] high edge lint[0x1])
Mar 09 22:36:06 localhost kernel: ACPI: LAPIC_NMI (acpi_id[0x49] high edge lint[0x1])
Mar 09 22:36:06 localhost kernel: ACPI: LAPIC_NMI (acpi_id[0x4a] high edge lint[0x1])
Mar 09 22:36:06 localhost kernel: ACPI: LAPIC_NMI (acpi_id[0x4b] high edge lint[0x1])
Mar 09 22:36:06 localhost kernel: ACPI: LAPIC_NMI (acpi_id[0x4c] high edge lint[0x1])
Mar 09 22:36:06 localhost kernel: ACPI: LAPIC_NMI (acpi_id[0x4d] high edge lint[0x1])
Mar 09 22:36:06 localhost kernel: ACPI: LAPIC_NMI (acpi_id[0x4e] high edge lint[0x1])
Mar 09 22:36:06 localhost kernel: ACPI: LAPIC_NMI (acpi_id[0x4f] high edge lint[0x1])
Mar 09 22:36:06 localhost kernel: ACPI: LAPIC_NMI (acpi_id[0x50] high edge lint[0x1])
Mar 09 22:36:06 localhost kernel: ACPI: LAPIC_NMI (acpi_id[0x51] high edge lint[0x1])
Mar 09 22:36:06 localhost kernel: ACPI: LAPIC_NMI (acpi_id[0x52] high edge lint[0x1])
Mar 09 22:36:06 localhost kernel: ACPI: LAPIC_NMI (acpi_id[0x53] high edge lint[0x1])
Mar 09 22:36:06 localhost kernel: ACPI: LAPIC_NMI (acpi_id[0x54] high edge lint[0x1])
Mar 09 22:36:06 localhost kernel: ACPI: LAPIC_NMI (acpi_id[0x55] high edge lint[0x1])
Mar 09 22:36:06 localhost kernel: ACPI: LAPIC_NMI (acpi_id[0x56] high edge lint[0x1])
Mar 09 22:36:06 localhost kernel: ACPI: LAPIC_NMI (acpi_id[0x57] high edge lint[0x1])
Mar 09 22:36:06 localhost kernel: ACPI: LAPIC_NMI (acpi_id[0x58] high edge lint[0x1])
Mar 09 22:36:06 localhost kernel: ACPI: LAPIC_NMI (acpi_id[0x59] high edge lint[0x1])
Mar 09 22:36:06 localhost kernel: ACPI: LAPIC_NMI (acpi_id[0x5a] high edge lint[0x1])
Mar 09 22:36:06 localhost kernel: ACPI: LAPIC_NMI (acpi_id[0x5b] high edge lint[0x1])
Mar 09 22:36:06 localhost kernel: ACPI: LAPIC_NMI (acpi_id[0x5c] high edge lint[0x1])
Mar 09 22:36:06 localhost kernel: ACPI: LAPIC_NMI (acpi_id[0x5d] high edge lint[0x1])
Mar 09 22:36:06 localhost kernel: ACPI: LAPIC_NMI (acpi_id[0x5e] high edge lint[0x1])
Mar 09 22:36:06 localhost kernel: ACPI: LAPIC_NMI (acpi_id[0x5f] high edge lint[0x1])
Mar 09 22:36:06 localhost kernel: ACPI: LAPIC_NMI (acpi_id[0x60] high edge lint[0x1])
Mar 09 22:36:06 localhost kernel: ACPI: LAPIC_NMI (acpi_id[0x61] high edge lint[0x1])
Mar 09 22:36:06 localhost kernel: ACPI: LAPIC_NMI (acpi_id[0x62] high edge lint[0x1])
Mar 09 22:36:06 localhost kernel: ACPI: LAPIC_NMI (acpi_id[0x63] high edge lint[0x1])
Mar 09 22:36:06 localhost kernel: ACPI: LAPIC_NMI (acpi_id[0x64] high edge lint[0x1])
Mar 09 22:36:06 localhost kernel: ACPI: LAPIC_NMI (acpi_id[0x65] high edge lint[0x1])
Mar 09 22:36:06 localhost kernel: ACPI: LAPIC_NMI (acpi_id[0x66] high edge lint[0x1])
Mar 09 22:36:06 localhost kernel: ACPI: LAPIC_NMI (acpi_id[0x67] high edge lint[0x1])
Mar 09 22:36:06 localhost kernel: ACPI: LAPIC_NMI (acpi_id[0x68] high edge lint[0x1])
Mar 09 22:36:06 localhost kernel: ACPI: LAPIC_NMI (acpi_id[0x69] high edge lint[0x1])
Mar 09 22:36:06 localhost kernel: ACPI: LAPIC_NMI (acpi_id[0x6a] high edge lint[0x1])
Mar 09 22:36:06 localhost kernel: ACPI: LAPIC_NMI (acpi_id[0x6b] high edge lint[0x1])
Mar 09 22:36:06 localhost kernel: ACPI: LAPIC_NMI (acpi_id[0x6c] high edge lint[0x1])
Mar 09 22:36:06 localhost kernel: ACPI: LAPIC_NMI (acpi_id[0x6d] high edge lint[0x1])
Mar 09 22:36:06 localhost kernel: ACPI: LAPIC_NMI (acpi_id[0x6e] high edge lint[0x1])
Mar 09 22:36:06 localhost kernel: ACPI: LAPIC_NMI (acpi_id[0x6f] high edge lint[0x1])
Mar 09 22:36:06 localhost kernel: ACPI: LAPIC_NMI (acpi_id[0x70] high edge lint[0x1])
Mar 09 22:36:06 localhost kernel: ACPI: LAPIC_NMI (acpi_id[0x71] high edge lint[0x1])
Mar 09 22:36:06 localhost kernel: ACPI: LAPIC_NMI (acpi_id[0x72] high edge lint[0x1])
Mar 09 22:36:06 localhost kernel: ACPI: LAPIC_NMI (acpi_id[0x73] high edge lint[0x1])
Mar 09 22:36:06 localhost kernel: ACPI: LAPIC_NMI (acpi_id[0x74] high edge lint[0x1])
Mar 09 22:36:06 localhost kernel: ACPI: LAPIC_NMI (acpi_id[0x75] high edge lint[0x1])
Mar 09 22:36:06 localhost kernel: ACPI: LAPIC_NMI (acpi_id[0x76] high edge lint[0x1])
Mar 09 22:36:06 localhost kernel: ACPI: LAPIC_NMI (acpi_id[0x77] high edge lint[0x1])
Mar 09 22:36:06 localhost kernel: ACPI: LAPIC_NMI (acpi_id[0x78] high edge lint[0x1])
Mar 09 22:36:06 localhost kernel: ACPI: LAPIC_NMI (acpi_id[0x79] high edge lint[0x1])
Mar 09 22:36:06 localhost kernel: ACPI: LAPIC_NMI (acpi_id[0x7a] high edge lint[0x1])
Mar 09 22:36:06 localhost kernel: ACPI: LAPIC_NMI (acpi_id[0x7b] high edge lint[0x1])
Mar 09 22:36:06 localhost kernel: ACPI: LAPIC_NMI (acpi_id[0x7c] high edge lint[0x1])
Mar 09 22:36:06 localhost kernel: ACPI: LAPIC_NMI (acpi_id[0x7d] high edge lint[0x1])
Mar 09 22:36:06 localhost kernel: ACPI: LAPIC_NMI (acpi_id[0x7e] high edge lint[0x1])
Mar 09 22:36:06 localhost kernel: ACPI: LAPIC_NMI (acpi_id[0x7f] high edge lint[0x1])
Mar 09 22:36:06 localhost kernel: IOAPIC[0]: apic_id 128, version 32, address 0xfec00000, GSI 0-23
Mar 09 22:36:06 localhost kernel: ACPI: INT_SRC_OVR (bus 0 bus_irq 0 global_irq 2 high edge)
Mar 09 22:36:06 localhost kernel: ACPI: Using ACPI (MADT) for SMP configuration information
Mar 09 22:36:06 localhost kernel: ACPI: HPET id: 0x8086af01 base: 0xfed00000
Mar 09 22:36:06 localhost kernel: CPU topo: Max. logical packages: 128
Mar 09 22:36:06 localhost kernel: CPU topo: Max. logical dies:     128
Mar 09 22:36:06 localhost kernel: CPU topo: Max. dies per package:   1
Mar 09 22:36:06 localhost kernel: CPU topo: Max. threads per core:   1
Mar 09 22:36:06 localhost kernel: CPU topo: Num. cores per package:     1
Mar 09 22:36:06 localhost kernel: CPU topo: Num. threads per package:   1
Mar 09 22:36:06 localhost kernel: CPU topo: Allowing 2 present CPUs plus 126 hotplug CPUs
Mar 09 22:36:06 localhost kernel: PM: hibernation: Registered nosave memory: [mem 0x00000000-0x00000fff]
Mar 09 22:36:06 localhost kernel: PM: hibernation: Registered nosave memory: [mem 0x00001000-0x00001fff]
Mar 09 22:36:06 localhost kernel: PM: hibernation: Registered nosave memory: [mem 0x000a0000-0x000bffff]
Mar 09 22:36:06 localhost kernel: PM: hibernation: Registered nosave memory: [mem 0x000c0000-0x000fffff]
Mar 09 22:36:06 localhost kernel: PM: hibernation: Registered nosave memory: [mem 0x0de8f000-0x0de8ffff]
Mar 09 22:36:06 localhost kernel: PM: hibernation: Registered nosave memory: [mem 0x0de90000-0x0de90fff]
Mar 09 22:36:06 localhost kernel: PM: hibernation: Registered nosave memory: [mem 0x0de91000-0x0de91fff]
Mar 09 22:36:06 localhost kernel: PM: hibernation: Registered nosave memory: [mem 0x0de92000-0x0de92fff]
Mar 09 22:36:06 localhost kernel: PM: hibernation: Registered nosave memory: [mem 0x0de93000-0x0de93fff]
Mar 09 22:36:06 localhost kernel: PM: hibernation: Registered nosave memory: [mem 0x0de94000-0x0de94fff]
Mar 09 22:36:06 localhost kernel: PM: hibernation: Registered nosave memory: [mem 0x0de96000-0x0de96fff]
Mar 09 22:36:06 localhost kernel: PM: hibernation: Registered nosave memory: [mem 0x0de97000-0x0de97fff]
Mar 09 22:36:06 localhost kernel: PM: hibernation: Registered nosave memory: [mem 0x0de9f000-0x0de9ffff]
Mar 09 22:36:06 localhost kernel: PM: hibernation: Registered nosave memory: [mem 0x0dea0000-0x0dea0fff]
Mar 09 22:36:06 localhost kernel: PM: hibernation: Registered nosave memory: [mem 0x0ea4b000-0x0ea50fff]
Mar 09 22:36:06 localhost kernel: PM: hibernation: Registered nosave memory: [mem 0x0fb6f000-0x0fbdefff]
Mar 09 22:36:06 localhost kernel: PM: hibernation: Registered nosave memory: [mem 0x0fbdf000-0x0fbfafff]
Mar 09 22:36:06 localhost kernel: PM: hibernation: Registered nosave memory: [mem 0x0fbfb000-0x0fbfefff]
Mar 09 22:36:06 localhost kernel: PM: hibernation: Registered nosave memory: [mem 0xc0000000-0xffbfffff]
Mar 09 22:36:06 localhost kernel: PM: hibernation: Registered nosave memory: [mem 0xffc00000-0xffc29fff]
Mar 09 22:36:06 localhost kernel: PM: hibernation: Registered nosave memory: [mem 0xffc2a000-0xffffffff]
Mar 09 22:36:06 localhost kernel: [mem 0xc0000000-0xffbfffff] available for PCI devices
Mar 09 22:36:06 localhost kernel: Booting paravirtualized kernel on VMware hypervisor
Mar 09 22:36:06 localhost kernel: clocksource: refined-jiffies: mask: 0xffffffff max_cycles: 0xffffffff, max_idle_ns: 1910969940391419 ns
Mar 09 22:36:06 localhost kernel: setup_percpu: NR_CPUS:8192 nr_cpumask_bits:128 nr_cpu_ids:128 nr_node_ids:1
Mar 09 22:36:06 localhost kernel: percpu: Embedded 64 pages/cpu s225280 r8192 d28672 u262144
Mar 09 22:36:06 localhost kernel: pcpu-alloc: s225280 r8192 d28672 u262144 alloc=1*2097152
Mar 09 22:36:06 localhost kernel: pcpu-alloc: [0] 000 001 002 003 004 005 006 007 
Mar 09 22:36:06 localhost kernel: pcpu-alloc: [0] 008 009 010 011 012 013 014 015 
Mar 09 22:36:06 localhost kernel: pcpu-alloc: [0] 016 017 018 019 020 021 022 023 
Mar 09 22:36:06 localhost kernel: pcpu-alloc: [0] 024 025 026 027 028 029 030 031 
Mar 09 22:36:06 localhost kernel: pcpu-alloc: [0] 032 033 034 035 036 037 038 039 
Mar 09 22:36:06 localhost kernel: pcpu-alloc: [0] 040 041 042 043 044 045 046 047 
Mar 09 22:36:06 localhost kernel: pcpu-alloc: [0] 048 049 050 051 052 053 054 055 
Mar 09 22:36:06 localhost kernel: pcpu-alloc: [0] 056 057 058 059 060 061 062 063 
Mar 09 22:36:06 localhost kernel: pcpu-alloc: [0] 064 065 066 067 068 069 070 071 
Mar 09 22:36:06 localhost kernel: pcpu-alloc: [0] 072 073 074 075 076 077 078 079 
Mar 09 22:36:06 localhost kernel: pcpu-alloc: [0] 080 081 082 083 084 085 086 087 
Mar 09 22:36:06 localhost kernel: pcpu-alloc: [0] 088 089 090 091 092 093 094 095 
Mar 09 22:36:06 localhost kernel: pcpu-alloc: [0] 096 097 098 099 100 101 102 103 
Mar 09 22:36:06 localhost kernel: pcpu-alloc: [0] 104 105 106 107 108 109 110 111 
Mar 09 22:36:06 localhost kernel: pcpu-alloc: [0] 112 113 114 115 116 117 118 119 
Mar 09 22:36:06 localhost kernel: pcpu-alloc: [0] 120 121 122 123 124 125 126 127 
Mar 09 22:36:06 localhost kernel: Kernel command line: BOOT_IMAGE=/images/pxeboot/vmlinuz inst.stage2=hd:LABEL=RHEL-9-7-0-BaseOS-x86_64 quiet
Mar 09 22:36:06 localhost kernel: Unknown kernel command line parameters "BOOT_IMAGE=/images/pxeboot/vmlinuz", will be passed to user space.
Mar 09 22:36:06 localhost kernel: random: crng init done
Mar 09 22:36:06 localhost kernel: Dentry cache hash table entries: 524288 (order: 10, 4194304 bytes, linear)
Mar 09 22:36:06 localhost kernel: Inode-cache hash table entries: 262144 (order: 9, 2097152 bytes, linear)
Mar 09 22:36:06 localhost kernel: Fallback order for Node 0: 0 
Mar 09 22:36:06 localhost kernel: Built 1 zonelists, mobility grouping on.  Total pages: 1031786
Mar 09 22:36:06 localhost kernel: Policy zone: Normal
Mar 09 22:36:06 localhost kernel: mem auto-init: stack:off, heap alloc:off, heap free:off
Mar 09 22:36:06 localhost kernel: software IO TLB: area num 128.
Mar 09 22:36:06 localhost kernel: SLUB: HWalign=64, Order=0-3, MinObjects=0, CPUs=128, Nodes=1
Mar 09 22:36:06 localhost kernel: Kernel/User page tables isolation: enabled
Mar 09 22:36:06 localhost kernel: ftrace: allocating 49295 entries in 193 pages
Mar 09 22:36:06 localhost kernel: ftrace: allocated 193 pages with 3 groups
Mar 09 22:36:06 localhost kernel: Dynamic Preempt: voluntary
Mar 09 22:36:06 localhost kernel: rcu: Preemptible hierarchical RCU implementation.
Mar 09 22:36:06 localhost kernel: rcu:         RCU event tracing is enabled.
Mar 09 22:36:06 localhost kernel: rcu:         RCU restricting CPUs from NR_CPUS=8192 to nr_cpu_ids=128.
Mar 09 22:36:06 localhost kernel:         Trampoline variant of Tasks RCU enabled.
Mar 09 22:36:06 localhost kernel:         Rude variant of Tasks RCU enabled.
Mar 09 22:36:06 localhost kernel:         Tracing variant of Tasks RCU enabled.
Mar 09 22:36:06 localhost kernel: rcu: RCU calculated value of scheduler-enlistment delay is 100 jiffies.
Mar 09 22:36:06 localhost kernel: rcu: Adjusting geometry for rcu_fanout_leaf=16, nr_cpu_ids=128
Mar 09 22:36:06 localhost kernel: RCU Tasks: Setting shift to 7 and lim to 1 rcu_task_cb_adjust=1 rcu_task_cpu_ids=128.
Mar 09 22:36:06 localhost kernel: RCU Tasks Rude: Setting shift to 7 and lim to 1 rcu_task_cb_adjust=1 rcu_task_cpu_ids=128.
Mar 09 22:36:06 localhost kernel: RCU Tasks Trace: Setting shift to 7 and lim to 1 rcu_task_cb_adjust=1 rcu_task_cpu_ids=128.
Mar 09 22:36:06 localhost kernel: NR_IRQS: 524544, nr_irqs: 1448, preallocated irqs: 16
Mar 09 22:36:06 localhost kernel: rcu: srcu_init: Setting srcu_struct sizes to big.
Mar 09 22:36:06 localhost kernel: kfence: initialized - using 2097152 bytes for 255 objects at 0x(____ptrval____)-0x(____ptrval____)
Mar 09 22:36:06 localhost kernel: Console: colour dummy device 80x25
Mar 09 22:36:06 localhost kernel: printk: legacy console [tty0] enabled
Mar 09 22:36:06 localhost kernel: ACPI: Core revision 20230331
Mar 09 22:36:06 localhost kernel: clocksource: hpet: mask: 0xffffffff max_cycles: 0xffffffff, max_idle_ns: 133484882848 ns
Mar 09 22:36:06 localhost kernel: APIC: Switch to symmetric I/O mode setup
Mar 09 22:36:06 localhost kernel: x2apic enabled
Mar 09 22:36:06 localhost kernel: APIC: Switched APIC routing to: physical x2apic
Mar 09 22:36:06 localhost kernel: ..TIMER: vector=0x30 apic1=0 pin1=2 apic2=-1 pin2=-1
Mar 09 22:36:06 localhost kernel: clocksource: tsc-early: mask: 0xffffffffffffffff max_cycles: 0x28680fa287f, max_idle_ns: 440795281151 ns
Mar 09 22:36:06 localhost kernel: Calibrating delay loop (skipped) preset value.. 5606.40 BogoMIPS (lpj=2803200)
Mar 09 22:36:06 localhost kernel: x86/cpu: User Mode Instruction Prevention (UMIP) activated
Mar 09 22:36:06 localhost kernel: Last level iTLB entries: 4KB 0, 2MB 0, 4MB 0
Mar 09 22:36:06 localhost kernel: Last level dTLB entries: 4KB 0, 2MB 0, 4MB 0, 1GB 0
Mar 09 22:36:06 localhost kernel: Spectre V1 : Mitigation: usercopy/swapgs barriers and __user pointer sanitization
Mar 09 22:36:06 localhost kernel: Spectre V2 : Spectre BHI mitigation: SW BHB clearing on syscall and VM exit
Mar 09 22:36:06 localhost kernel: Spectre V2 : Mitigation: IBRS
Mar 09 22:36:06 localhost kernel: Spectre V2 : Spectre v2 / SpectreRSB: Filling RSB on context switch and VMEXIT
Mar 09 22:36:06 localhost kernel: RETBleed: Mitigation: IBRS
Mar 09 22:36:06 localhost kernel: Spectre V2 : mitigation: Enabling conditional Indirect Branch Prediction Barrier
Mar 09 22:36:06 localhost kernel: Speculative Store Bypass: Mitigation: Speculative Store Bypass disabled via prctl
Mar 09 22:36:06 localhost kernel: MDS: Mitigation: Clear CPU buffers
Mar 09 22:36:06 localhost kernel: GDS: Unknown: Dependent on hypervisor status
Mar 09 22:36:06 localhost kernel: ITS: Mitigation: Aligned branch/return thunks
Mar 09 22:36:06 localhost kernel: x86/fpu: Supporting XSAVE feature 0x001: 'x87 floating point registers'
Mar 09 22:36:06 localhost kernel: x86/fpu: Supporting XSAVE feature 0x002: 'SSE registers'
Mar 09 22:36:06 localhost kernel: x86/fpu: Supporting XSAVE feature 0x004: 'AVX registers'
Mar 09 22:36:06 localhost kernel: x86/fpu: Supporting XSAVE feature 0x020: 'AVX-512 opmask'
Mar 09 22:36:06 localhost kernel: x86/fpu: Supporting XSAVE feature 0x040: 'AVX-512 Hi256'
Mar 09 22:36:06 localhost kernel: x86/fpu: Supporting XSAVE feature 0x080: 'AVX-512 ZMM_Hi256'
Mar 09 22:36:06 localhost kernel: x86/fpu: xstate_offset[2]:  576, xstate_sizes[2]:  256
Mar 09 22:36:06 localhost kernel: x86/fpu: xstate_offset[5]:  832, xstate_sizes[5]:   64
Mar 09 22:36:06 localhost kernel: x86/fpu: xstate_offset[6]:  896, xstate_sizes[6]:  512
Mar 09 22:36:06 localhost kernel: x86/fpu: xstate_offset[7]: 1408, xstate_sizes[7]: 1024
Mar 09 22:36:06 localhost kernel: x86/fpu: Enabled xstate features 0xe7, context size is 2432 bytes, using 'compacted' format.
Mar 09 22:36:06 localhost kernel: Freeing SMP alternatives memory: 40K
Mar 09 22:36:06 localhost kernel: pid_max: default: 131072 minimum: 1024
Mar 09 22:36:06 localhost kernel: LSM: initializing lsm=lockdown,capability,landlock,yama,integrity,selinux,bpf
Mar 09 22:36:06 localhost kernel: landlock: Up and running.
Mar 09 22:36:06 localhost kernel: Yama: becoming mindful.
Mar 09 22:36:06 localhost kernel: SELinux:  Initializing.
Mar 09 22:36:06 localhost kernel: LSM support for eBPF active
Mar 09 22:36:06 localhost kernel: Mount-cache hash table entries: 8192 (order: 4, 65536 bytes, linear)
Mar 09 22:36:06 localhost kernel: Mountpoint-cache hash table entries: 8192 (order: 4, 65536 bytes, linear)
Mar 09 22:36:06 localhost kernel: smpboot: CPU0: 11th Gen Intel(R) Core(TM) i7-1165G7 @ 2.80GHz (family: 0x6, model: 0x8c, stepping: 0x1)
Mar 09 22:36:06 localhost kernel: Performance Events: Icelake events, core PMU driver.
Mar 09 22:36:06 localhost kernel: core: CPUID marked event: 'cpu cycles' unavailable
Mar 09 22:36:06 localhost kernel: core: CPUID marked event: 'instructions' unavailable
Mar 09 22:36:06 localhost kernel: core: CPUID marked event: 'bus cycles' unavailable
Mar 09 22:36:06 localhost kernel: core: CPUID marked event: 'cache references' unavailable
Mar 09 22:36:06 localhost kernel: core: CPUID marked event: 'cache misses' unavailable
Mar 09 22:36:06 localhost kernel: core: CPUID marked event: 'branch instructions' unavailable
Mar 09 22:36:06 localhost kernel: core: CPUID marked event: 'branch misses' unavailable
Mar 09 22:36:06 localhost kernel: ... version:                1
Mar 09 22:36:06 localhost kernel: ... bit width:              48
Mar 09 22:36:06 localhost kernel: ... generic registers:      8
Mar 09 22:36:06 localhost kernel: ... value mask:             0000ffffffffffff
Mar 09 22:36:06 localhost kernel: ... max period:             000000007fffffff
Mar 09 22:36:06 localhost kernel: ... fixed-purpose events:   0
Mar 09 22:36:06 localhost kernel: ... event mask:             00000000000000ff
Mar 09 22:36:06 localhost kernel: signal: max sigframe size: 3632
Mar 09 22:36:06 localhost kernel: rcu: Hierarchical SRCU implementation.
Mar 09 22:36:06 localhost kernel: rcu:         Max phase no-delay instances is 400.
Mar 09 22:36:06 localhost kernel: NMI watchdog: Perf NMI watchdog permanently disabled
Mar 09 22:36:06 localhost kernel: smp: Bringing up secondary CPUs ...
Mar 09 22:36:06 localhost kernel: smpboot: x86: Booting SMP configuration:
Mar 09 22:36:06 localhost kernel: .... node  #0, CPUs:          #1
Mar 09 22:36:06 localhost kernel: smp: Brought up 1 node, 2 CPUs
Mar 09 22:36:06 localhost kernel: smpboot: Total of 2 processors activated (11212.80 BogoMIPS)
Mar 09 22:36:06 localhost kernel: node 0 deferred pages initialised in 19ms
Mar 09 22:36:06 localhost kernel: Memory: 3798292K/4193304K available (16384K kernel code, 5784K rwdata, 13988K rodata, 4068K init, 7312K bss, 386060K reserved, 0K cma-reserved)
Mar 09 22:36:06 localhost kernel: devtmpfs: initialized
Mar 09 22:36:06 localhost kernel: x86/mm: Memory block size: 128MB
Mar 09 22:36:06 localhost kernel: ACPI: PM: Registering ACPI NVS region [mem 0x00000000-0x00000fff] (4096 bytes)
Mar 09 22:36:06 localhost kernel: ACPI: PM: Registering ACPI NVS region [mem 0x0ea4b000-0x0ea50fff] (24576 bytes)
Mar 09 22:36:06 localhost kernel: ACPI: PM: Registering ACPI NVS region [mem 0x0fbfb000-0x0fbfefff] (16384 bytes)
Mar 09 22:36:06 localhost kernel: clocksource: jiffies: mask: 0xffffffff max_cycles: 0xffffffff, max_idle_ns: 1911260446275000 ns
Mar 09 22:36:06 localhost kernel: futex hash table entries: 32768 (order: 9, 2097152 bytes, linear)
Mar 09 22:36:06 localhost kernel: pinctrl core: initialized pinctrl subsystem
Mar 09 22:36:06 localhost kernel: NET: Registered PF_NETLINK/PF_ROUTE protocol family
Mar 09 22:36:06 localhost kernel: DMA: preallocated 512 KiB GFP_KERNEL pool for atomic allocations
Mar 09 22:36:06 localhost kernel: DMA: preallocated 512 KiB GFP_KERNEL|GFP_DMA pool for atomic allocations
Mar 09 22:36:06 localhost kernel: DMA: preallocated 512 KiB GFP_KERNEL|GFP_DMA32 pool for atomic allocations
Mar 09 22:36:06 localhost kernel: audit: initializing netlink subsys (disabled)
Mar 09 22:36:06 localhost kernel: audit: type=2000 audit(1773095761.077:1): state=initialized audit_enabled=0 res=1
Mar 09 22:36:06 localhost kernel: thermal_sys: Registered thermal governor 'fair_share'
Mar 09 22:36:06 localhost kernel: thermal_sys: Registered thermal governor 'step_wise'
Mar 09 22:36:06 localhost kernel: thermal_sys: Registered thermal governor 'user_space'
Mar 09 22:36:06 localhost kernel: cpuidle: using governor menu
Mar 09 22:36:06 localhost kernel: acpiphp: ACPI Hot Plug PCI Controller Driver version: 0.5
Mar 09 22:36:06 localhost kernel: PCI: ECAM [mem 0xe0000000-0xe7ffffff] (base 0xe0000000) for domain 0000 [bus 00-7f]
Mar 09 22:36:06 localhost kernel: PCI: Using configuration type 1 for base access
Mar 09 22:36:06 localhost kernel: kprobes: kprobe jump-optimization is enabled. All kprobes are optimized if possible.
Mar 09 22:36:06 localhost kernel: HugeTLB: registered 1.00 GiB page size, pre-allocated 0 pages
Mar 09 22:36:06 localhost kernel: HugeTLB: 16380 KiB vmemmap can be freed for a 1.00 GiB page
Mar 09 22:36:06 localhost kernel: HugeTLB: registered 2.00 MiB page size, pre-allocated 0 pages
Mar 09 22:36:06 localhost kernel: HugeTLB: 28 KiB vmemmap can be freed for a 2.00 MiB page
Mar 09 22:36:06 localhost kernel: Demotion targets for Node 0: null
Mar 09 22:36:06 localhost kernel: cryptd: max_cpu_qlen set to 1000
Mar 09 22:36:06 localhost kernel: ACPI: Added _OSI(Module Device)
Mar 09 22:36:06 localhost kernel: ACPI: Added _OSI(Processor Device)
Mar 09 22:36:06 localhost kernel: ACPI: Added _OSI(3.0 _SCP Extensions)
Mar 09 22:36:06 localhost kernel: ACPI: Added _OSI(Processor Aggregator Device)
Mar 09 22:36:06 localhost kernel: ACPI: 1 ACPI AML tables successfully acquired and loaded
Mar 09 22:36:06 localhost kernel: ACPI: [Firmware Bug]: BIOS _OSI(Linux) query ignored
Mar 09 22:36:06 localhost kernel: ACPI: BIOS _OSI(Darwin) query ignored
Mar 09 22:36:06 localhost kernel: ACPI: _OSC evaluation for CPUs failed, trying _PDC
Mar 09 22:36:06 localhost kernel: ACPI: Interpreter enabled
Mar 09 22:36:06 localhost kernel: ACPI: PM: (supports S0 S1 S4 S5)
Mar 09 22:36:06 localhost kernel: ACPI: Using IOAPIC for interrupt routing
Mar 09 22:36:06 localhost kernel: PCI: Using host bridge windows from ACPI; if necessary, use "pci=nocrs" and report a bug
Mar 09 22:36:06 localhost kernel: PCI: Ignoring E820 reservations for host bridge windows
Mar 09 22:36:06 localhost kernel: ACPI: Enabled 4 GPEs in block 00 to 0F
Mar 09 22:36:06 localhost kernel: ACPI: PCI Root Bridge [PCI0] (domain 0000 [bus 00-7f])
Mar 09 22:36:06 localhost kernel: acpi PNP0A03:00: _OSC: OS supports [ExtendedConfig ASPM ClockPM Segments MSI EDR HPX-Type3]
Mar 09 22:36:06 localhost kernel: acpi PNP0A03:00: _OSC: platform does not support [AER LTR DPC]
Mar 09 22:36:06 localhost kernel: acpi PNP0A03:00: _OSC: OS now controls [PCIeHotplug SHPCHotplug PME PCIeCapability]
Mar 09 22:36:06 localhost kernel: PCI host bridge to bus 0000:00
Mar 09 22:36:06 localhost kernel: pci_bus 0000:00: root bus resource [io  0x0d00-0xffff window]
Mar 09 22:36:06 localhost kernel: pci_bus 0000:00: root bus resource [io  0x0000-0x0cf7 window]
Mar 09 22:36:06 localhost kernel: pci_bus 0000:00: root bus resource [mem 0xfef00000-0xffdfffff window]
Mar 09 22:36:06 localhost kernel: pci_bus 0000:00: root bus resource [mem 0xfed45000-0xfedfffff window]
Mar 09 22:36:06 localhost kernel: pci_bus 0000:00: root bus resource [mem 0xfec10000-0xfed3ffff window]
Mar 09 22:36:06 localhost kernel: pci_bus 0000:00: root bus resource [mem 0xfa300000-0xfebfffff window]
Mar 09 22:36:06 localhost kernel: pci_bus 0000:00: root bus resource [mem 0xf0000000-0xfa2fffff pref window]
Mar 09 22:36:06 localhost kernel: pci_bus 0000:00: root bus resource [mem 0xc0000000-0xefffffff window]
Mar 09 22:36:06 localhost kernel: pci_bus 0000:00: root bus resource [mem 0x000a0000-0x000bffff window]
Mar 09 22:36:06 localhost kernel: pci_bus 0000:00: root bus resource [mem 0x000c4000-0x000cbfff window]
Mar 09 22:36:06 localhost kernel: pci_bus 0000:00: root bus resource [mem 0x000d4000-0x000dbfff window]
Mar 09 22:36:06 localhost kernel: pci_bus 0000:00: root bus resource [mem 0x000e4000-0x000effff window]
Mar 09 22:36:06 localhost kernel: pci_bus 0000:00: root bus resource [bus 00-7f]
Mar 09 22:36:06 localhost kernel: pci 0000:00:00.0: [8086:7192] type 00 class 0x060000 conventional PCI endpoint
Mar 09 22:36:06 localhost kernel: pci 0000:00:01.0: [8086:7191] type 01 class 0x060400 conventional PCI bridge
Mar 09 22:36:06 localhost kernel: pci 0000:00:01.0: PCI bridge to [bus 01]
Mar 09 22:36:06 localhost kernel: pci 0000:00:07.0: [8086:7110] type 00 class 0x060100 conventional PCI endpoint
Mar 09 22:36:06 localhost kernel: pci 0000:00:07.1: [8086:7111] type 00 class 0x01018a conventional PCI endpoint
Mar 09 22:36:06 localhost kernel: pci 0000:00:07.1: BAR 4 [io  0x2050-0x205f]
Mar 09 22:36:06 localhost kernel: pci 0000:00:07.1: BAR 0 [io  0x01f0-0x01f7]: legacy IDE quirk
Mar 09 22:36:06 localhost kernel: pci 0000:00:07.1: BAR 1 [io  0x03f6]: legacy IDE quirk
Mar 09 22:36:06 localhost kernel: pci 0000:00:07.1: BAR 2 [io  0x0170-0x0177]: legacy IDE quirk
Mar 09 22:36:06 localhost kernel: pci 0000:00:07.1: BAR 3 [io  0x0376]: legacy IDE quirk
Mar 09 22:36:06 localhost kernel: pci 0000:00:07.3: [8086:7113] type 00 class 0x068000 conventional PCI endpoint
Mar 09 22:36:06 localhost kernel: pci 0000:00:07.3: quirk: [io  0x0440-0x047f] claimed by PIIX4 ACPI
Mar 09 22:36:06 localhost kernel: pci 0000:00:07.7: [15ad:0740] type 00 class 0x088000 conventional PCI endpoint
Mar 09 22:36:06 localhost kernel: pci 0000:00:07.7: BAR 0 [io  0x2000-0x203f]
Mar 09 22:36:06 localhost kernel: pci 0000:00:07.7: BAR 1 [mem 0xffbc0000-0xffbfffff 64bit]
Mar 09 22:36:06 localhost kernel: pci 0000:00:0f.0: [15ad:0405] type 00 class 0x030000 conventional PCI endpoint
Mar 09 22:36:06 localhost kernel: pci 0000:00:0f.0: BAR 0 [io  0x2040-0x204f]
Mar 09 22:36:06 localhost kernel: pci 0000:00:0f.0: BAR 1 [mem 0xf0000000-0xf7ffffff pref]
Mar 09 22:36:06 localhost kernel: pci 0000:00:0f.0: BAR 2 [mem 0xfb800000-0xfbffffff]
Mar 09 22:36:06 localhost kernel: pci 0000:00:0f.0: ROM [mem 0xffff8000-0xffffffff pref]
Mar 09 22:36:06 localhost kernel: pci 0000:00:0f.0: Video device with shadowed ROM at [mem 0x000c0000-0x000dffff]
Mar 09 22:36:06 localhost kernel: pci 0000:00:11.0: [15ad:0790] type 01 class 0x060401 conventional PCI bridge
Mar 09 22:36:06 localhost kernel: pci 0000:00:11.0: PCI bridge to [bus 02] (subtractive decode)
Mar 09 22:36:06 localhost kernel: pci 0000:00:11.0:   bridge window [io  0x1000-0x1fff]
Mar 09 22:36:06 localhost kernel: pci 0000:00:11.0:   bridge window [mem 0xfc000000-0xfc9fffff]
Mar 09 22:36:06 localhost kernel: pci 0000:00:11.0:   bridge window [mem 0xf8000000-0xf84fffff 64bit pref]
Mar 09 22:36:06 localhost kernel: pci 0000:00:15.0: [15ad:07a0] type 01 class 0x060400 PCIe Root Port
Mar 09 22:36:06 localhost kernel: pci 0000:00:15.0: PCI bridge to [bus 03]
Mar 09 22:36:06 localhost kernel: pci 0000:00:15.0:   bridge window [io  0x4000-0x4fff]
Mar 09 22:36:06 localhost kernel: pci 0000:00:15.0:   bridge window [mem 0xfea00000-0xfeafffff]
Mar 09 22:36:06 localhost kernel: pci 0000:00:15.0: PME# supported from D0 D3hot D3cold
Mar 09 22:36:06 localhost kernel: pci 0000:00:15.1: [15ad:07a0] type 01 class 0x060400 PCIe Root Port
Mar 09 22:36:06 localhost kernel: pci 0000:00:15.1: PCI bridge to [bus 04]
Mar 09 22:36:06 localhost kernel: pci 0000:00:15.1:   bridge window [mem 0xfe900000-0xfe9fffff]
Mar 09 22:36:06 localhost kernel: pci 0000:00:15.1:   bridge window [mem 0xfa200000-0xfa2fffff 64bit pref]
Mar 09 22:36:06 localhost kernel: pci 0000:00:15.1: PME# supported from D0 D3hot D3cold
Mar 09 22:36:06 localhost kernel: pci 0000:00:15.2: [15ad:07a0] type 01 class 0x060400 PCIe Root Port
Mar 09 22:36:06 localhost kernel: pci 0000:00:15.2: PCI bridge to [bus 05]
Mar 09 22:36:06 localhost kernel: pci 0000:00:15.2:   bridge window [mem 0xfe800000-0xfe8fffff]
Mar 09 22:36:06 localhost kernel: pci 0000:00:15.2:   bridge window [mem 0xfa100000-0xfa1fffff 64bit pref]
Mar 09 22:36:06 localhost kernel: pci 0000:00:15.2: PME# supported from D0 D3hot D3cold
Mar 09 22:36:06 localhost kernel: pci 0000:00:15.3: [15ad:07a0] type 01 class 0x060400 PCIe Root Port
Mar 09 22:36:06 localhost kernel: pci 0000:00:15.3: PCI bridge to [bus 06]
Mar 09 22:36:06 localhost kernel: pci 0000:00:15.3:   bridge window [mem 0xfe700000-0xfe7fffff]
Mar 09 22:36:06 localhost kernel: pci 0000:00:15.3:   bridge window [mem 0xfa000000-0xfa0fffff 64bit pref]
Mar 09 22:36:06 localhost kernel: pci 0000:00:15.3: PME# supported from D0 D3hot D3cold
Mar 09 22:36:06 localhost kernel: pci 0000:00:15.4: [15ad:07a0] type 01 class 0x060400 PCIe Root Port
Mar 09 22:36:06 localhost kernel: pci 0000:00:15.4: PCI bridge to [bus 07]
Mar 09 22:36:06 localhost kernel: pci 0000:00:15.4:   bridge window [mem 0xfe600000-0xfe6fffff]
Mar 09 22:36:06 localhost kernel: pci 0000:00:15.4:   bridge window [mem 0xf9f00000-0xf9ffffff 64bit pref]
Mar 09 22:36:06 localhost kernel: pci 0000:00:15.4: PME# supported from D0 D3hot D3cold
Mar 09 22:36:06 localhost kernel: pci 0000:00:15.5: [15ad:07a0] type 01 class 0x060400 PCIe Root Port
Mar 09 22:36:06 localhost kernel: pci 0000:00:15.5: PCI bridge to [bus 08]
Mar 09 22:36:06 localhost kernel: pci 0000:00:15.5:   bridge window [mem 0xfe500000-0xfe5fffff]
Mar 09 22:36:06 localhost kernel: pci 0000:00:15.5:   bridge window [mem 0xf9e00000-0xf9efffff 64bit pref]
Mar 09 22:36:06 localhost kernel: pci 0000:00:15.5: PME# supported from D0 D3hot D3cold
Mar 09 22:36:06 localhost kernel: pci 0000:00:15.6: [15ad:07a0] type 01 class 0x060400 PCIe Root Port
Mar 09 22:36:06 localhost kernel: pci 0000:00:15.6: PCI bridge to [bus 09]
Mar 09 22:36:06 localhost kernel: pci 0000:00:15.6:   bridge window [mem 0xfe400000-0xfe4fffff]
Mar 09 22:36:06 localhost kernel: pci 0000:00:15.6:   bridge window [mem 0xf9d00000-0xf9dfffff 64bit pref]
Mar 09 22:36:06 localhost kernel: pci 0000:00:15.6: PME# supported from D0 D3hot D3cold
Mar 09 22:36:06 localhost kernel: pci 0000:00:15.7: [15ad:07a0] type 01 class 0x060400 PCIe Root Port
Mar 09 22:36:06 localhost kernel: pci 0000:00:15.7: PCI bridge to [bus 0a]
Mar 09 22:36:06 localhost kernel: pci 0000:00:15.7:   bridge window [mem 0xfe300000-0xfe3fffff]
Mar 09 22:36:06 localhost kernel: pci 0000:00:15.7:   bridge window [mem 0xf9c00000-0xf9cfffff 64bit pref]
Mar 09 22:36:06 localhost kernel: pci 0000:00:15.7: PME# supported from D0 D3hot D3cold
Mar 09 22:36:06 localhost kernel: pci 0000:00:16.0: [15ad:07a0] type 01 class 0x060400 PCIe Root Port
Mar 09 22:36:06 localhost kernel: pci 0000:00:16.0: PCI bridge to [bus 0b]
Mar 09 22:36:06 localhost kernel: pci 0000:00:16.0:   bridge window [io  0x3000-0x3fff]
Mar 09 22:36:06 localhost kernel: pci 0000:00:16.0:   bridge window [mem 0xfe200000-0xfe2fffff]
Mar 09 22:36:06 localhost kernel: pci 0000:00:16.0: PME# supported from D0 D3hot D3cold
Mar 09 22:36:06 localhost kernel: pci 0000:00:16.1: [15ad:07a0] type 01 class 0x060400 PCIe Root Port
Mar 09 22:36:06 localhost kernel: pci 0000:00:16.1: PCI bridge to [bus 0c]
Mar 09 22:36:06 localhost kernel: pci 0000:00:16.1:   bridge window [mem 0xfe100000-0xfe1fffff]
Mar 09 22:36:06 localhost kernel: pci 0000:00:16.1:   bridge window [mem 0xf9b00000-0xf9bfffff 64bit pref]
Mar 09 22:36:06 localhost kernel: pci 0000:00:16.1: PME# supported from D0 D3hot D3cold
Mar 09 22:36:06 localhost kernel: pci 0000:00:16.2: [15ad:07a0] type 01 class 0x060400 PCIe Root Port
Mar 09 22:36:06 localhost kernel: pci 0000:00:16.2: PCI bridge to [bus 0d]
Mar 09 22:36:06 localhost kernel: pci 0000:00:16.2:   bridge window [mem 0xfe000000-0xfe0fffff]
Mar 09 22:36:06 localhost kernel: pci 0000:00:16.2:   bridge window [mem 0xf9a00000-0xf9afffff 64bit pref]
Mar 09 22:36:06 localhost kernel: pci 0000:00:16.2: PME# supported from D0 D3hot D3cold
Mar 09 22:36:06 localhost kernel: pci 0000:00:16.3: [15ad:07a0] type 01 class 0x060400 PCIe Root Port
Mar 09 22:36:06 localhost kernel: pci 0000:00:16.3: PCI bridge to [bus 0e]
Mar 09 22:36:06 localhost kernel: pci 0000:00:16.3:   bridge window [mem 0xfdf00000-0xfdffffff]
Mar 09 22:36:06 localhost kernel: pci 0000:00:16.3:   bridge window [mem 0xf9900000-0xf99fffff 64bit pref]
Mar 09 22:36:06 localhost kernel: pci 0000:00:16.3: PME# supported from D0 D3hot D3cold
Mar 09 22:36:06 localhost kernel: pci 0000:00:16.4: [15ad:07a0] type 01 class 0x060400 PCIe Root Port
Mar 09 22:36:06 localhost kernel: pci 0000:00:16.4: PCI bridge to [bus 0f]
Mar 09 22:36:06 localhost kernel: pci 0000:00:16.4:   bridge window [mem 0xfde00000-0xfdefffff]
Mar 09 22:36:06 localhost kernel: pci 0000:00:16.4:   bridge window [mem 0xf9800000-0xf98fffff 64bit pref]
Mar 09 22:36:06 localhost kernel: pci 0000:00:16.4: PME# supported from D0 D3hot D3cold
Mar 09 22:36:06 localhost kernel: pci 0000:00:16.5: [15ad:07a0] type 01 class 0x060400 PCIe Root Port
Mar 09 22:36:06 localhost kernel: pci 0000:00:16.5: PCI bridge to [bus 10]
Mar 09 22:36:06 localhost kernel: pci 0000:00:16.5:   bridge window [mem 0xfdd00000-0xfddfffff]
Mar 09 22:36:06 localhost kernel: pci 0000:00:16.5:   bridge window [mem 0xf9700000-0xf97fffff 64bit pref]
Mar 09 22:36:06 localhost kernel: pci 0000:00:16.5: PME# supported from D0 D3hot D3cold
Mar 09 22:36:06 localhost kernel: pci 0000:00:16.6: [15ad:07a0] type 01 class 0x060400 PCIe Root Port
Mar 09 22:36:06 localhost kernel: pci 0000:00:16.6: PCI bridge to [bus 11]
Mar 09 22:36:06 localhost kernel: pci 0000:00:16.6:   bridge window [mem 0xfdc00000-0xfdcfffff]
Mar 09 22:36:06 localhost kernel: pci 0000:00:16.6:   bridge window [mem 0xf9600000-0xf96fffff 64bit pref]
Mar 09 22:36:06 localhost kernel: pci 0000:00:16.6: PME# supported from D0 D3hot D3cold
Mar 09 22:36:06 localhost kernel: pci 0000:00:16.7: [15ad:07a0] type 01 class 0x060400 PCIe Root Port
Mar 09 22:36:06 localhost kernel: pci 0000:00:16.7: PCI bridge to [bus 12]
Mar 09 22:36:06 localhost kernel: pci 0000:00:16.7:   bridge window [mem 0xfdb00000-0xfdbfffff]
Mar 09 22:36:06 localhost kernel: pci 0000:00:16.7:   bridge window [mem 0xf9500000-0xf95fffff 64bit pref]
Mar 09 22:36:06 localhost kernel: pci 0000:00:16.7: PME# supported from D0 D3hot D3cold
Mar 09 22:36:06 localhost kernel: pci 0000:00:17.0: [15ad:07a0] type 01 class 0x060400 PCIe Root Port
Mar 09 22:36:06 localhost kernel: pci 0000:00:17.0: PCI bridge to [bus 13]
Mar 09 22:36:06 localhost kernel: pci 0000:00:17.0:   bridge window [mem 0xfda00000-0xfdafffff]
Mar 09 22:36:06 localhost kernel: pci 0000:00:17.0:   bridge window [mem 0xf9400000-0xf94fffff 64bit pref]
Mar 09 22:36:06 localhost kernel: pci 0000:00:17.0: PME# supported from D0 D3hot D3cold
Mar 09 22:36:06 localhost kernel: pci 0000:00:17.1: [15ad:07a0] type 01 class 0x060400 PCIe Root Port
Mar 09 22:36:06 localhost kernel: pci 0000:00:17.1: PCI bridge to [bus 14]
Mar 09 22:36:06 localhost kernel: pci 0000:00:17.1:   bridge window [mem 0xfd900000-0xfd9fffff]
Mar 09 22:36:06 localhost kernel: pci 0000:00:17.1:   bridge window [mem 0xf9300000-0xf93fffff 64bit pref]
Mar 09 22:36:06 localhost kernel: pci 0000:00:17.1: PME# supported from D0 D3hot D3cold
Mar 09 22:36:06 localhost kernel: pci 0000:00:17.2: [15ad:07a0] type 01 class 0x060400 PCIe Root Port
Mar 09 22:36:06 localhost kernel: pci 0000:00:17.2: PCI bridge to [bus 15]
Mar 09 22:36:06 localhost kernel: pci 0000:00:17.2:   bridge window [mem 0xfd800000-0xfd8fffff]
Mar 09 22:36:06 localhost kernel: pci 0000:00:17.2:   bridge window [mem 0xf9200000-0xf92fffff 64bit pref]
Mar 09 22:36:06 localhost kernel: pci 0000:00:17.2: PME# supported from D0 D3hot D3cold
Mar 09 22:36:06 localhost kernel: pci 0000:00:17.3: [15ad:07a0] type 01 class 0x060400 PCIe Root Port
Mar 09 22:36:06 localhost kernel: pci 0000:00:17.3: PCI bridge to [bus 16]
Mar 09 22:36:06 localhost kernel: pci 0000:00:17.3:   bridge window [mem 0xfd700000-0xfd7fffff]
Mar 09 22:36:06 localhost kernel: pci 0000:00:17.3:   bridge window [mem 0xf9100000-0xf91fffff 64bit pref]
Mar 09 22:36:06 localhost kernel: pci 0000:00:17.3: PME# supported from D0 D3hot D3cold
Mar 09 22:36:06 localhost kernel: pci 0000:00:17.4: [15ad:07a0] type 01 class 0x060400 PCIe Root Port
Mar 09 22:36:06 localhost kernel: pci 0000:00:17.4: PCI bridge to [bus 17]
Mar 09 22:36:06 localhost kernel: pci 0000:00:17.4:   bridge window [mem 0xfd600000-0xfd6fffff]
Mar 09 22:36:06 localhost kernel: pci 0000:00:17.4:   bridge window [mem 0xf9000000-0xf90fffff 64bit pref]
Mar 09 22:36:06 localhost kernel: pci 0000:00:17.4: PME# supported from D0 D3hot D3cold
Mar 09 22:36:06 localhost kernel: pci 0000:00:17.5: [15ad:07a0] type 01 class 0x060400 PCIe Root Port
Mar 09 22:36:06 localhost kernel: pci 0000:00:17.5: PCI bridge to [bus 18]
Mar 09 22:36:06 localhost kernel: pci 0000:00:17.5:   bridge window [mem 0xfd500000-0xfd5fffff]
Mar 09 22:36:06 localhost kernel: pci 0000:00:17.5:   bridge window [mem 0xf8f00000-0xf8ffffff 64bit pref]
Mar 09 22:36:06 localhost kernel: pci 0000:00:17.5: PME# supported from D0 D3hot D3cold
Mar 09 22:36:06 localhost kernel: pci 0000:00:17.6: [15ad:07a0] type 01 class 0x060400 PCIe Root Port
Mar 09 22:36:06 localhost kernel: pci 0000:00:17.6: PCI bridge to [bus 19]
Mar 09 22:36:06 localhost kernel: pci 0000:00:17.6:   bridge window [mem 0xfd400000-0xfd4fffff]
Mar 09 22:36:06 localhost kernel: pci 0000:00:17.6:   bridge window [mem 0xf8e00000-0xf8efffff 64bit pref]
Mar 09 22:36:06 localhost kernel: pci 0000:00:17.6: PME# supported from D0 D3hot D3cold
Mar 09 22:36:06 localhost kernel: pci 0000:00:17.7: [15ad:07a0] type 01 class 0x060400 PCIe Root Port
Mar 09 22:36:06 localhost kernel: pci 0000:00:17.7: PCI bridge to [bus 1a]
Mar 09 22:36:06 localhost kernel: pci 0000:00:17.7:   bridge window [mem 0xfd300000-0xfd3fffff]
Mar 09 22:36:06 localhost kernel: pci 0000:00:17.7:   bridge window [mem 0xf8d00000-0xf8dfffff 64bit pref]
Mar 09 22:36:06 localhost kernel: pci 0000:00:17.7: PME# supported from D0 D3hot D3cold
Mar 09 22:36:06 localhost kernel: pci 0000:00:18.0: [15ad:07a0] type 01 class 0x060400 PCIe Root Port
Mar 09 22:36:06 localhost kernel: pci 0000:00:18.0: PCI bridge to [bus 1b]
Mar 09 22:36:06 localhost kernel: pci 0000:00:18.0:   bridge window [mem 0xfd200000-0xfd2fffff]
Mar 09 22:36:06 localhost kernel: pci 0000:00:18.0:   bridge window [mem 0xf8c00000-0xf8cfffff 64bit pref]
Mar 09 22:36:06 localhost kernel: pci 0000:00:18.0: PME# supported from D0 D3hot D3cold
Mar 09 22:36:06 localhost kernel: pci 0000:00:18.1: [15ad:07a0] type 01 class 0x060400 PCIe Root Port
Mar 09 22:36:06 localhost kernel: pci 0000:00:18.1: PCI bridge to [bus 1c]
Mar 09 22:36:06 localhost kernel: pci 0000:00:18.1:   bridge window [mem 0xfd100000-0xfd1fffff]
Mar 09 22:36:06 localhost kernel: pci 0000:00:18.1:   bridge window [mem 0xf8b00000-0xf8bfffff 64bit pref]
Mar 09 22:36:06 localhost kernel: pci 0000:00:18.1: PME# supported from D0 D3hot D3cold
Mar 09 22:36:06 localhost kernel: pci 0000:00:18.2: [15ad:07a0] type 01 class 0x060400 PCIe Root Port
Mar 09 22:36:06 localhost kernel: pci 0000:00:18.2: PCI bridge to [bus 1d]
Mar 09 22:36:06 localhost kernel: pci 0000:00:18.2:   bridge window [mem 0xfd000000-0xfd0fffff]
Mar 09 22:36:06 localhost kernel: pci 0000:00:18.2:   bridge window [mem 0xf8a00000-0xf8afffff 64bit pref]
Mar 09 22:36:06 localhost kernel: pci 0000:00:18.2: PME# supported from D0 D3hot D3cold
Mar 09 22:36:06 localhost kernel: pci 0000:00:18.3: [15ad:07a0] type 01 class 0x060400 PCIe Root Port
Mar 09 22:36:06 localhost kernel: pci 0000:00:18.3: PCI bridge to [bus 1e]
Mar 09 22:36:06 localhost kernel: pci 0000:00:18.3:   bridge window [mem 0xfcf00000-0xfcffffff]
Mar 09 22:36:06 localhost kernel: pci 0000:00:18.3:   bridge window [mem 0xf8900000-0xf89fffff 64bit pref]
Mar 09 22:36:06 localhost kernel: pci 0000:00:18.3: PME# supported from D0 D3hot D3cold
Mar 09 22:36:06 localhost kernel: pci 0000:00:18.4: [15ad:07a0] type 01 class 0x060400 PCIe Root Port
Mar 09 22:36:06 localhost kernel: pci 0000:00:18.4: PCI bridge to [bus 1f]
Mar 09 22:36:06 localhost kernel: pci 0000:00:18.4:   bridge window [mem 0xfce00000-0xfcefffff]
Mar 09 22:36:06 localhost kernel: pci 0000:00:18.4:   bridge window [mem 0xf8800000-0xf88fffff 64bit pref]
Mar 09 22:36:06 localhost kernel: pci 0000:00:18.4: PME# supported from D0 D3hot D3cold
Mar 09 22:36:06 localhost kernel: pci 0000:00:18.5: [15ad:07a0] type 01 class 0x060400 PCIe Root Port
Mar 09 22:36:06 localhost kernel: pci 0000:00:18.5: PCI bridge to [bus 20]
Mar 09 22:36:06 localhost kernel: pci 0000:00:18.5:   bridge window [mem 0xfcd00000-0xfcdfffff]
Mar 09 22:36:06 localhost kernel: pci 0000:00:18.5:   bridge window [mem 0xf8700000-0xf87fffff 64bit pref]
Mar 09 22:36:06 localhost kernel: pci 0000:00:18.5: PME# supported from D0 D3hot D3cold
Mar 09 22:36:06 localhost kernel: pci 0000:00:18.6: [15ad:07a0] type 01 class 0x060400 PCIe Root Port
Mar 09 22:36:06 localhost kernel: pci 0000:00:18.6: PCI bridge to [bus 21]
Mar 09 22:36:06 localhost kernel: pci 0000:00:18.6:   bridge window [mem 0xfcc00000-0xfccfffff]
Mar 09 22:36:06 localhost kernel: pci 0000:00:18.6:   bridge window [mem 0xf8600000-0xf86fffff 64bit pref]
Mar 09 22:36:06 localhost kernel: pci 0000:00:18.6: PME# supported from D0 D3hot D3cold
Mar 09 22:36:06 localhost kernel: pci 0000:00:18.7: [15ad:07a0] type 01 class 0x060400 PCIe Root Port
Mar 09 22:36:06 localhost kernel: pci 0000:00:18.7: PCI bridge to [bus 22]
Mar 09 22:36:06 localhost kernel: pci 0000:00:18.7:   bridge window [mem 0xfcb00000-0xfcbfffff]
Mar 09 22:36:06 localhost kernel: pci 0000:00:18.7:   bridge window [mem 0xf8500000-0xf85fffff 64bit pref]
Mar 09 22:36:06 localhost kernel: pci 0000:00:18.7: PME# supported from D0 D3hot D3cold
Mar 09 22:36:06 localhost kernel: pci_bus 0000:01: extended config space not accessible
Mar 09 22:36:06 localhost kernel: pci 0000:00:01.0: PCI bridge to [bus 01]
Mar 09 22:36:06 localhost kernel: pci_bus 0000:02: extended config space not accessible
Mar 09 22:36:06 localhost kernel: acpiphp: Slot [32] registered
Mar 09 22:36:06 localhost kernel: acpiphp: Slot [33] registered
Mar 09 22:36:06 localhost kernel: acpiphp: Slot [34] registered
Mar 09 22:36:06 localhost kernel: acpiphp: Slot [35] registered
Mar 09 22:36:06 localhost kernel: acpiphp: Slot [36] registered
Mar 09 22:36:06 localhost kernel: acpiphp: Slot [37] registered
Mar 09 22:36:06 localhost kernel: acpiphp: Slot [38] registered
Mar 09 22:36:06 localhost kernel: acpiphp: Slot [39] registered
Mar 09 22:36:06 localhost kernel: acpiphp: Slot [40] registered
Mar 09 22:36:06 localhost kernel: acpiphp: Slot [41] registered
Mar 09 22:36:06 localhost kernel: acpiphp: Slot [42] registered
Mar 09 22:36:06 localhost kernel: acpiphp: Slot [43] registered
Mar 09 22:36:06 localhost kernel: acpiphp: Slot [44] registered
Mar 09 22:36:06 localhost kernel: acpiphp: Slot [45] registered
Mar 09 22:36:06 localhost kernel: acpiphp: Slot [46] registered
Mar 09 22:36:06 localhost kernel: acpiphp: Slot [47] registered
Mar 09 22:36:06 localhost kernel: acpiphp: Slot [48] registered
Mar 09 22:36:06 localhost kernel: acpiphp: Slot [49] registered
Mar 09 22:36:06 localhost kernel: acpiphp: Slot [50] registered
Mar 09 22:36:06 localhost kernel: acpiphp: Slot [51] registered
Mar 09 22:36:06 localhost kernel: acpiphp: Slot [52] registered
Mar 09 22:36:06 localhost kernel: acpiphp: Slot [53] registered
Mar 09 22:36:06 localhost kernel: acpiphp: Slot [54] registered
Mar 09 22:36:06 localhost kernel: acpiphp: Slot [55] registered
Mar 09 22:36:06 localhost kernel: acpiphp: Slot [56] registered
Mar 09 22:36:06 localhost kernel: acpiphp: Slot [57] registered
Mar 09 22:36:06 localhost kernel: acpiphp: Slot [58] registered
Mar 09 22:36:06 localhost kernel: acpiphp: Slot [59] registered
Mar 09 22:36:06 localhost kernel: acpiphp: Slot [60] registered
Mar 09 22:36:06 localhost kernel: acpiphp: Slot [61] registered
Mar 09 22:36:06 localhost kernel: acpiphp: Slot [62] registered
Mar 09 22:36:06 localhost kernel: acpiphp: Slot [63] registered
Mar 09 22:36:06 localhost kernel: pci 0000:02:00.0: [15ad:0774] type 00 class 0x0c0300 conventional PCI endpoint
Mar 09 22:36:06 localhost kernel: pci 0000:02:00.0: BAR 4 [io  0x1040-0x105f]
Mar 09 22:36:06 localhost kernel: pci 0000:02:01.0: [1274:1371] type 00 class 0x040100 conventional PCI endpoint
Mar 09 22:36:06 localhost kernel: pci 0000:02:01.0: BAR 0 [io  0x1000-0x103f]
Mar 09 22:36:06 localhost kernel: pci 0000:02:02.0: [15ad:0770] type 00 class 0x0c0320 conventional PCI endpoint
Mar 09 22:36:06 localhost kernel: pci 0000:02:02.0: BAR 0 [mem 0xfc011000-0xfc011fff]
Mar 09 22:36:06 localhost kernel: pci 0000:02:03.0: [15ad:07e0] type 00 class 0x010601 conventional PCI endpoint
Mar 09 22:36:06 localhost kernel: pci 0000:02:03.0: BAR 5 [mem 0xfc010000-0xfc010fff]
Mar 09 22:36:06 localhost kernel: pci 0000:02:03.0: ROM [mem 0xffff0000-0xffffffff pref]
Mar 09 22:36:06 localhost kernel: pci 0000:02:03.0: PME# supported from D3hot
Mar 09 22:36:06 localhost kernel: pci 0000:00:11.0: PCI bridge to [bus 02] (subtractive decode)
Mar 09 22:36:06 localhost kernel: pci 0000:00:11.0:   bridge window [io  0x0d00-0xffff window] (subtractive decode)
Mar 09 22:36:06 localhost kernel: pci 0000:00:11.0:   bridge window [io  0x0000-0x0cf7 window] (subtractive decode)
Mar 09 22:36:06 localhost kernel: pci 0000:00:11.0:   bridge window [mem 0xfef00000-0xffdfffff window] (subtractive decode)
Mar 09 22:36:06 localhost kernel: pci 0000:00:11.0:   bridge window [mem 0xfed45000-0xfedfffff window] (subtractive decode)
Mar 09 22:36:06 localhost kernel: pci 0000:00:11.0:   bridge window [mem 0xfec10000-0xfed3ffff window] (subtractive decode)
Mar 09 22:36:06 localhost kernel: pci 0000:00:11.0:   bridge window [mem 0xfa300000-0xfebfffff window] (subtractive decode)
Mar 09 22:36:06 localhost kernel: pci 0000:00:11.0:   bridge window [mem 0xf0000000-0xfa2fffff pref window] (subtractive decode)
Mar 09 22:36:06 localhost kernel: pci 0000:00:11.0:   bridge window [mem 0xc0000000-0xefffffff window] (subtractive decode)
Mar 09 22:36:06 localhost kernel: pci 0000:00:11.0:   bridge window [mem 0x000a0000-0x000bffff window] (subtractive decode)
Mar 09 22:36:06 localhost kernel: pci 0000:00:11.0:   bridge window [mem 0x000c4000-0x000cbfff window] (subtractive decode)
Mar 09 22:36:06 localhost kernel: pci 0000:00:11.0:   bridge window [mem 0x000d4000-0x000dbfff window] (subtractive decode)
Mar 09 22:36:06 localhost kernel: pci 0000:00:11.0:   bridge window [mem 0x000e4000-0x000effff window] (subtractive decode)
Mar 09 22:36:06 localhost kernel: pci 0000:03:00.0: [15ad:07b0] type 00 class 0x020000 PCIe Endpoint
Mar 09 22:36:06 localhost kernel: pci 0000:03:00.0: BAR 0 [mem 0xfea13000-0xfea13fff]
Mar 09 22:36:06 localhost kernel: pci 0000:03:00.0: BAR 1 [mem 0xfea12000-0xfea12fff]
Mar 09 22:36:06 localhost kernel: pci 0000:03:00.0: BAR 2 [mem 0xfea10000-0xfea11fff]
Mar 09 22:36:06 localhost kernel: pci 0000:03:00.0: BAR 3 [io  0x4000-0x400f]
Mar 09 22:36:06 localhost kernel: pci 0000:03:00.0: ROM [mem 0xffff0000-0xffffffff pref]
Mar 09 22:36:06 localhost kernel: pci 0000:03:00.0: supports D1 D2
Mar 09 22:36:06 localhost kernel: pci 0000:03:00.0: PME# supported from D0 D1 D2 D3hot D3cold
Mar 09 22:36:06 localhost kernel: pci 0000:03:00.0: disabling ASPM on pre-1.1 PCIe device.  You can enable it with 'pcie_aspm=force'
Mar 09 22:36:06 localhost kernel: pci 0000:00:15.0: PCI bridge to [bus 03]
Mar 09 22:36:06 localhost kernel: pci 0000:00:15.1: PCI bridge to [bus 04]
Mar 09 22:36:06 localhost kernel: pci 0000:00:15.2: PCI bridge to [bus 05]
Mar 09 22:36:06 localhost kernel: pci 0000:00:15.3: PCI bridge to [bus 06]
Mar 09 22:36:06 localhost kernel: pci 0000:00:15.4: PCI bridge to [bus 07]
Mar 09 22:36:06 localhost kernel: pci 0000:00:15.5: PCI bridge to [bus 08]
Mar 09 22:36:06 localhost kernel: pci 0000:00:15.6: PCI bridge to [bus 09]
Mar 09 22:36:06 localhost kernel: pci 0000:00:15.7: PCI bridge to [bus 0a]
Mar 09 22:36:06 localhost kernel: pci 0000:0b:00.0: [15ad:07f0] type 00 class 0x010802 PCIe Endpoint
Mar 09 22:36:06 localhost kernel: pci 0000:0b:00.0: BAR 0 [mem 0xfe200000-0xfe203fff 64bit]
Mar 09 22:36:06 localhost kernel: pci 0000:0b:00.0: BAR 2 [io  0x3000-0x3007]
Mar 09 22:36:06 localhost kernel: pci 0000:0b:00.0: ROM [mem 0xffffe000-0xffffffff pref]
Mar 09 22:36:06 localhost kernel: pci 0000:0b:00.0: PME# supported from D0 D3hot D3cold
Mar 09 22:36:06 localhost kernel: pci 0000:0b:00.0: disabling ASPM on pre-1.1 PCIe device.  You can enable it with 'pcie_aspm=force'
Mar 09 22:36:06 localhost kernel: pci 0000:00:16.0: PCI bridge to [bus 0b]
Mar 09 22:36:06 localhost kernel: pci 0000:00:16.1: PCI bridge to [bus 0c]
Mar 09 22:36:06 localhost kernel: pci 0000:00:16.2: PCI bridge to [bus 0d]
Mar 09 22:36:06 localhost kernel: pci 0000:00:16.3: PCI bridge to [bus 0e]
Mar 09 22:36:06 localhost kernel: pci 0000:00:16.4: PCI bridge to [bus 0f]
Mar 09 22:36:06 localhost kernel: pci 0000:00:16.5: PCI bridge to [bus 10]
Mar 09 22:36:06 localhost kernel: pci 0000:00:16.6: PCI bridge to [bus 11]
Mar 09 22:36:06 localhost kernel: pci 0000:00:16.7: PCI bridge to [bus 12]
Mar 09 22:36:06 localhost kernel: pci 0000:00:17.0: PCI bridge to [bus 13]
Mar 09 22:36:06 localhost kernel: pci 0000:00:17.1: PCI bridge to [bus 14]
Mar 09 22:36:06 localhost kernel: pci 0000:00:17.2: PCI bridge to [bus 15]
Mar 09 22:36:06 localhost kernel: pci 0000:00:17.3: PCI bridge to [bus 16]
Mar 09 22:36:06 localhost kernel: pci 0000:00:17.4: PCI bridge to [bus 17]
Mar 09 22:36:06 localhost kernel: pci 0000:00:17.5: PCI bridge to [bus 18]
Mar 09 22:36:06 localhost kernel: pci 0000:00:17.6: PCI bridge to [bus 19]
Mar 09 22:36:06 localhost kernel: pci 0000:00:17.7: PCI bridge to [bus 1a]
Mar 09 22:36:06 localhost kernel: pci 0000:00:18.0: PCI bridge to [bus 1b]
Mar 09 22:36:06 localhost kernel: pci 0000:00:18.1: PCI bridge to [bus 1c]
Mar 09 22:36:06 localhost kernel: pci 0000:00:18.2: PCI bridge to [bus 1d]
Mar 09 22:36:06 localhost kernel: pci 0000:00:18.3: PCI bridge to [bus 1e]
Mar 09 22:36:06 localhost kernel: pci 0000:00:18.4: PCI bridge to [bus 1f]
Mar 09 22:36:06 localhost kernel: pci 0000:00:18.5: PCI bridge to [bus 20]
Mar 09 22:36:06 localhost kernel: pci 0000:00:18.6: PCI bridge to [bus 21]
Mar 09 22:36:06 localhost kernel: pci 0000:00:18.7: PCI bridge to [bus 22]
Mar 09 22:36:06 localhost kernel: ACPI: PCI: Interrupt link LNKA configured for IRQ 0
Mar 09 22:36:06 localhost kernel: ACPI: PCI: Interrupt link LNKA disabled
Mar 09 22:36:06 localhost kernel: ACPI: PCI: Interrupt link LNKB configured for IRQ 0
Mar 09 22:36:06 localhost kernel: ACPI: PCI: Interrupt link LNKB disabled
Mar 09 22:36:06 localhost kernel: ACPI: PCI: Interrupt link LNKC configured for IRQ 0
Mar 09 22:36:06 localhost kernel: ACPI: PCI: Interrupt link LNKC disabled
Mar 09 22:36:06 localhost kernel: ACPI: PCI: Interrupt link LNKD configured for IRQ 0
Mar 09 22:36:06 localhost kernel: ACPI: PCI: Interrupt link LNKD disabled
Mar 09 22:36:06 localhost kernel: iommu: Default domain type: Translated
Mar 09 22:36:06 localhost kernel: iommu: DMA domain TLB invalidation policy: lazy mode
Mar 09 22:36:06 localhost kernel: SCSI subsystem initialized
Mar 09 22:36:06 localhost kernel: ACPI: bus type USB registered
Mar 09 22:36:06 localhost kernel: usbcore: registered new interface driver usbfs
Mar 09 22:36:06 localhost kernel: usbcore: registered new interface driver hub
Mar 09 22:36:06 localhost kernel: usbcore: registered new device driver usb
Mar 09 22:36:06 localhost kernel: pps_core: LinuxPPS API ver. 1 registered
Mar 09 22:36:06 localhost kernel: pps_core: Software ver. 5.3.6 - Copyright 2005-2007 Rodolfo Giometti <giometti@linux.it>
Mar 09 22:36:06 localhost kernel: PTP clock support registered
Mar 09 22:36:06 localhost kernel: EDAC MC: Ver: 3.0.0
Mar 09 22:36:06 localhost kernel: Registered efivars operations
Mar 09 22:36:06 localhost kernel: NetLabel: Initializing
Mar 09 22:36:06 localhost kernel: NetLabel:  domain hash size = 128
Mar 09 22:36:06 localhost kernel: NetLabel:  protocols = UNLABELED CIPSOv4 CALIPSO
Mar 09 22:36:06 localhost kernel: NetLabel:  unlabeled traffic allowed by default
Mar 09 22:36:06 localhost kernel: PCI: Using ACPI for IRQ routing
Mar 09 22:36:06 localhost kernel: PCI: pci_cache_line_size set to 64 bytes
Mar 09 22:36:06 localhost kernel: e820: reserve RAM buffer [mem 0x0de8f000-0x0fffffff]
Mar 09 22:36:06 localhost kernel: e820: reserve RAM buffer [mem 0x0de90018-0x0fffffff]
Mar 09 22:36:06 localhost kernel: e820: reserve RAM buffer [mem 0x0de92018-0x0fffffff]
Mar 09 22:36:06 localhost kernel: e820: reserve RAM buffer [mem 0x0de94018-0x0fffffff]
Mar 09 22:36:06 localhost kernel: e820: reserve RAM buffer [mem 0x0de97018-0x0fffffff]
Mar 09 22:36:06 localhost kernel: e820: reserve RAM buffer [mem 0x0dea0000-0x0fffffff]
Mar 09 22:36:06 localhost kernel: e820: reserve RAM buffer [mem 0x0ea4b000-0x0fffffff]
Mar 09 22:36:06 localhost kernel: e820: reserve RAM buffer [mem 0x0fb6f000-0x0fffffff]
Mar 09 22:36:06 localhost kernel: pci 0000:00:0f.0: vgaarb: setting as boot VGA device
Mar 09 22:36:06 localhost kernel: pci 0000:00:0f.0: vgaarb: bridge control possible
Mar 09 22:36:06 localhost kernel: pci 0000:00:0f.0: vgaarb: VGA device added: decodes=io+mem,owns=io+mem,locks=none
Mar 09 22:36:06 localhost kernel: vgaarb: loaded
Mar 09 22:36:06 localhost kernel: hpet0: at MMIO 0xfed00000, IRQs 2, 8, 0, 0, 0, 0, 0, 0, 0, 0, 0, 0, 0, 0, 0, 0
Mar 09 22:36:06 localhost kernel: hpet0: 16 comparators, 64-bit 14.318180 MHz counter
Mar 09 22:36:06 localhost kernel: clocksource: Switched to clocksource tsc-early
Mar 09 22:36:06 localhost kernel: VFS: Disk quotas dquot_6.6.0
Mar 09 22:36:06 localhost kernel: VFS: Dquot-cache hash table entries: 512 (order 0, 4096 bytes)
Mar 09 22:36:06 localhost kernel: pnp: PnP ACPI init
Mar 09 22:36:06 localhost kernel: system 00:00: [io  0x0440-0x047f] has been reserved
Mar 09 22:36:06 localhost kernel: system 00:00: [io  0x5658-0x5659] has been reserved
Mar 09 22:36:06 localhost kernel: system 00:00: [io  0x5670] has been reserved
Mar 09 22:36:06 localhost kernel: system 00:00: [io  0x0cf0-0x0cf1] has been reserved
Mar 09 22:36:06 localhost kernel: system 00:04: [mem 0xfed00000-0xfed003ff] has been reserved
Mar 09 22:36:06 localhost kernel: system 00:05: [io  0x0400-0x041f] has been reserved
Mar 09 22:36:06 localhost kernel: system 00:05: [mem 0xe0000000-0xe7ffffff] has been reserved
Mar 09 22:36:06 localhost kernel: system 00:05: [mem 0xffc00000-0xffdfffff] could not be reserved
Mar 09 22:36:06 localhost kernel: pnp: PnP ACPI: found 6 devices
Mar 09 22:36:06 localhost kernel: clocksource: acpi_pm: mask: 0xffffff max_cycles: 0xffffff, max_idle_ns: 2085701024 ns
Mar 09 22:36:06 localhost kernel: NET: Registered PF_INET protocol family
Mar 09 22:36:06 localhost kernel: IP idents hash table entries: 65536 (order: 7, 524288 bytes, linear)
Mar 09 22:36:06 localhost kernel: tcp_listen_portaddr_hash hash table entries: 2048 (order: 3, 32768 bytes, linear)
Mar 09 22:36:06 localhost kernel: Table-perturb hash table entries: 65536 (order: 6, 262144 bytes, linear)
Mar 09 22:36:06 localhost kernel: TCP established hash table entries: 32768 (order: 6, 262144 bytes, linear)
Mar 09 22:36:06 localhost kernel: TCP bind hash table entries: 32768 (order: 7, 524288 bytes, linear)
Mar 09 22:36:06 localhost kernel: TCP: Hash tables configured (established 32768 bind 32768)
Mar 09 22:36:06 localhost kernel: MPTCP token hash table entries: 4096 (order: 4, 98304 bytes, linear)
Mar 09 22:36:06 localhost kernel: UDP hash table entries: 2048 (order: 4, 65536 bytes, linear)
Mar 09 22:36:06 localhost kernel: UDP-Lite hash table entries: 2048 (order: 4, 65536 bytes, linear)
Mar 09 22:36:06 localhost kernel: NET: Registered PF_UNIX/PF_LOCAL protocol family
Mar 09 22:36:06 localhost kernel: NET: Registered PF_XDP protocol family
Mar 09 22:36:06 localhost kernel: pci 0000:02:03.0: ROM [mem 0xffff0000-0xffffffff pref]: can't claim; no compatible bridge window
Mar 09 22:36:06 localhost kernel: pci 0000:03:00.0: ROM [mem 0xffff0000-0xffffffff pref]: can't claim; no compatible bridge window
Mar 09 22:36:06 localhost kernel: pci 0000:0b:00.0: ROM [mem 0xffffe000-0xffffffff pref]: can't claim; no compatible bridge window
Mar 09 22:36:06 localhost kernel: pci 0000:00:15.0: bridge window [mem 0x00100000-0x000fffff 64bit pref] to [bus 03] add_size 200000 add_align 100000
Mar 09 22:36:06 localhost kernel: pci 0000:00:15.1: bridge window [io  0x1000-0x0fff] to [bus 04] add_size 1000
Mar 09 22:36:06 localhost kernel: pci 0000:00:15.2: bridge window [io  0x1000-0x0fff] to [bus 05] add_size 1000
Mar 09 22:36:06 localhost kernel: pci 0000:00:15.3: bridge window [io  0x1000-0x0fff] to [bus 06] add_size 1000
Mar 09 22:36:06 localhost kernel: pci 0000:00:15.4: bridge window [io  0x1000-0x0fff] to [bus 07] add_size 1000
Mar 09 22:36:06 localhost kernel: pci 0000:00:15.5: bridge window [io  0x1000-0x0fff] to [bus 08] add_size 1000
Mar 09 22:36:06 localhost kernel: pci 0000:00:15.6: bridge window [io  0x1000-0x0fff] to [bus 09] add_size 1000
Mar 09 22:36:06 localhost kernel: pci 0000:00:15.7: bridge window [io  0x1000-0x0fff] to [bus 0a] add_size 1000
Mar 09 22:36:06 localhost kernel: pci 0000:00:16.0: bridge window [mem 0x00100000-0x000fffff 64bit pref] to [bus 0b] add_size 200000 add_align 100000
Mar 09 22:36:06 localhost kernel: pci 0000:00:16.1: bridge window [io  0x1000-0x0fff] to [bus 0c] add_size 1000
Mar 09 22:36:06 localhost kernel: pci 0000:00:16.2: bridge window [io  0x1000-0x0fff] to [bus 0d] add_size 1000
Mar 09 22:36:06 localhost kernel: pci 0000:00:16.3: bridge window [io  0x1000-0x0fff] to [bus 0e] add_size 1000
Mar 09 22:36:06 localhost kernel: pci 0000:00:16.4: bridge window [io  0x1000-0x0fff] to [bus 0f] add_size 1000
Mar 09 22:36:06 localhost kernel: pci 0000:00:16.5: bridge window [io  0x1000-0x0fff] to [bus 10] add_size 1000
Mar 09 22:36:06 localhost kernel: pci 0000:00:16.6: bridge window [io  0x1000-0x0fff] to [bus 11] add_size 1000
Mar 09 22:36:06 localhost kernel: pci 0000:00:16.7: bridge window [io  0x1000-0x0fff] to [bus 12] add_size 1000
Mar 09 22:36:06 localhost kernel: pci 0000:00:17.0: bridge window [io  0x1000-0x0fff] to [bus 13] add_size 1000
Mar 09 22:36:06 localhost kernel: pci 0000:00:17.1: bridge window [io  0x1000-0x0fff] to [bus 14] add_size 1000
Mar 09 22:36:06 localhost kernel: pci 0000:00:17.2: bridge window [io  0x1000-0x0fff] to [bus 15] add_size 1000
Mar 09 22:36:06 localhost kernel: pci 0000:00:17.3: bridge window [io  0x1000-0x0fff] to [bus 16] add_size 1000
Mar 09 22:36:06 localhost kernel: pci 0000:00:17.4: bridge window [io  0x1000-0x0fff] to [bus 17] add_size 1000
Mar 09 22:36:06 localhost kernel: pci 0000:00:17.5: bridge window [io  0x1000-0x0fff] to [bus 18] add_size 1000
Mar 09 22:36:06 localhost kernel: pci 0000:00:17.6: bridge window [io  0x1000-0x0fff] to [bus 19] add_size 1000
Mar 09 22:36:06 localhost kernel: pci 0000:00:17.7: bridge window [io  0x1000-0x0fff] to [bus 1a] add_size 1000
Mar 09 22:36:06 localhost kernel: pci 0000:00:18.0: bridge window [io  0x1000-0x0fff] to [bus 1b] add_size 1000
Mar 09 22:36:06 localhost kernel: pci 0000:00:18.1: bridge window [io  0x1000-0x0fff] to [bus 1c] add_size 1000
Mar 09 22:36:06 localhost kernel: pci 0000:00:18.2: bridge window [io  0x1000-0x0fff] to [bus 1d] add_size 1000
Mar 09 22:36:06 localhost kernel: pci 0000:00:18.3: bridge window [io  0x1000-0x0fff] to [bus 1e] add_size 1000
Mar 09 22:36:06 localhost kernel: pci 0000:00:18.4: bridge window [io  0x1000-0x0fff] to [bus 1f] add_size 1000
Mar 09 22:36:06 localhost kernel: pci 0000:00:18.5: bridge window [io  0x1000-0x0fff] to [bus 20] add_size 1000
Mar 09 22:36:06 localhost kernel: pci 0000:00:18.6: bridge window [io  0x1000-0x0fff] to [bus 21] add_size 1000
Mar 09 22:36:06 localhost kernel: pci 0000:00:18.7: bridge window [io  0x1000-0x0fff] to [bus 22] add_size 1000
Mar 09 22:36:06 localhost kernel: pci 0000:00:15.0: bridge window [mem 0xfef00000-0xff0fffff 64bit pref]: assigned
Mar 09 22:36:06 localhost kernel: pci 0000:00:16.0: bridge window [mem 0xff100000-0xff2fffff 64bit pref]: assigned
Mar 09 22:36:06 localhost kernel: pci 0000:00:15.1: bridge window [io  0x6000-0x6fff]: assigned
Mar 09 22:36:06 localhost kernel: pci 0000:00:15.2: bridge window [io  0x7000-0x7fff]: assigned
Mar 09 22:36:06 localhost kernel: pci 0000:00:15.3: bridge window [io  0x8000-0x8fff]: assigned
Mar 09 22:36:06 localhost kernel: pci 0000:00:15.4: bridge window [io  0x9000-0x9fff]: assigned
Mar 09 22:36:06 localhost kernel: pci 0000:00:15.5: bridge window [io  0xa000-0xafff]: assigned
Mar 09 22:36:06 localhost kernel: pci 0000:00:15.6: bridge window [io  0xb000-0xbfff]: assigned
Mar 09 22:36:06 localhost kernel: pci 0000:00:15.7: bridge window [io  0xc000-0xcfff]: assigned
Mar 09 22:36:06 localhost kernel: pci 0000:00:16.1: bridge window [io  0xd000-0xdfff]: assigned
Mar 09 22:36:06 localhost kernel: pci 0000:00:16.2: bridge window [io  0xe000-0xefff]: assigned
Mar 09 22:36:06 localhost kernel: pci 0000:00:16.3: bridge window [io  0xf000-0xffff]: assigned
Mar 09 22:36:06 localhost kernel: pci 0000:00:16.4: bridge window [io  size 0x1000]: can't assign; no space
Mar 09 22:36:06 localhost kernel: pci 0000:00:16.4: bridge window [io  size 0x1000]: failed to assign
Mar 09 22:36:06 localhost kernel: pci 0000:00:16.5: bridge window [io  size 0x1000]: can't assign; no space
Mar 09 22:36:06 localhost kernel: pci 0000:00:16.5: bridge window [io  size 0x1000]: failed to assign
Mar 09 22:36:06 localhost kernel: pci 0000:00:16.6: bridge window [io  size 0x1000]: can't assign; no space
Mar 09 22:36:06 localhost kernel: pci 0000:00:16.6: bridge window [io  size 0x1000]: failed to assign
Mar 09 22:36:06 localhost kernel: pci 0000:00:16.7: bridge window [io  size 0x1000]: can't assign; no space
Mar 09 22:36:06 localhost kernel: pci 0000:00:16.7: bridge window [io  size 0x1000]: failed to assign
Mar 09 22:36:06 localhost kernel: pci 0000:00:17.0: bridge window [io  size 0x1000]: can't assign; no space
Mar 09 22:36:06 localhost kernel: pci 0000:00:17.0: bridge window [io  size 0x1000]: failed to assign
Mar 09 22:36:06 localhost kernel: pci 0000:00:17.1: bridge window [io  size 0x1000]: can't assign; no space
Mar 09 22:36:06 localhost kernel: pci 0000:00:17.1: bridge window [io  size 0x1000]: failed to assign
Mar 09 22:36:06 localhost kernel: pci 0000:00:17.2: bridge window [io  size 0x1000]: can't assign; no space
Mar 09 22:36:06 localhost kernel: pci 0000:00:17.2: bridge window [io  size 0x1000]: failed to assign
Mar 09 22:36:06 localhost kernel: pci 0000:00:17.3: bridge window [io  size 0x1000]: can't assign; no space
Mar 09 22:36:06 localhost kernel: pci 0000:00:17.3: bridge window [io  size 0x1000]: failed to assign
Mar 09 22:36:06 localhost kernel: pci 0000:00:17.4: bridge window [io  size 0x1000]: can't assign; no space
Mar 09 22:36:06 localhost kernel: pci 0000:00:17.4: bridge window [io  size 0x1000]: failed to assign
Mar 09 22:36:06 localhost kernel: pci 0000:00:17.5: bridge window [io  size 0x1000]: can't assign; no space
Mar 09 22:36:06 localhost kernel: pci 0000:00:17.5: bridge window [io  size 0x1000]: failed to assign
Mar 09 22:36:06 localhost kernel: pci 0000:00:17.6: bridge window [io  size 0x1000]: can't assign; no space
Mar 09 22:36:06 localhost kernel: pci 0000:00:17.6: bridge window [io  size 0x1000]: failed to assign
Mar 09 22:36:06 localhost kernel: pci 0000:00:17.7: bridge window [io  size 0x1000]: can't assign; no space
Mar 09 22:36:06 localhost kernel: pci 0000:00:17.7: bridge window [io  size 0x1000]: failed to assign
Mar 09 22:36:06 localhost kernel: pci 0000:00:18.0: bridge window [io  size 0x1000]: can't assign; no space
Mar 09 22:36:06 localhost kernel: pci 0000:00:18.0: bridge window [io  size 0x1000]: failed to assign
Mar 09 22:36:06 localhost kernel: pci 0000:00:18.1: bridge window [io  size 0x1000]: can't assign; no space
Mar 09 22:36:06 localhost kernel: pci 0000:00:18.1: bridge window [io  size 0x1000]: failed to assign
Mar 09 22:36:06 localhost kernel: pci 0000:00:18.2: bridge window [io  size 0x1000]: can't assign; no space
Mar 09 22:36:06 localhost kernel: pci 0000:00:18.2: bridge window [io  size 0x1000]: failed to assign
Mar 09 22:36:06 localhost kernel: pci 0000:00:18.3: bridge window [io  size 0x1000]: can't assign; no space
Mar 09 22:36:06 localhost kernel: pci 0000:00:18.3: bridge window [io  size 0x1000]: failed to assign
Mar 09 22:36:06 localhost kernel: pci 0000:00:18.4: bridge window [io  size 0x1000]: can't assign; no space
Mar 09 22:36:06 localhost kernel: pci 0000:00:18.4: bridge window [io  size 0x1000]: failed to assign
Mar 09 22:36:06 localhost kernel: pci 0000:00:18.5: bridge window [io  size 0x1000]: can't assign; no space
Mar 09 22:36:06 localhost kernel: pci 0000:00:18.5: bridge window [io  size 0x1000]: failed to assign
Mar 09 22:36:06 localhost kernel: pci 0000:00:18.6: bridge window [io  size 0x1000]: can't assign; no space
Mar 09 22:36:06 localhost kernel: pci 0000:00:18.6: bridge window [io  size 0x1000]: failed to assign
Mar 09 22:36:06 localhost kernel: pci 0000:00:18.7: bridge window [io  size 0x1000]: can't assign; no space
Mar 09 22:36:06 localhost kernel: pci 0000:00:18.7: bridge window [io  size 0x1000]: failed to assign
Mar 09 22:36:06 localhost kernel: pci 0000:00:18.7: bridge window [io  0x6000-0x6fff]: assigned
Mar 09 22:36:06 localhost kernel: pci 0000:00:18.6: bridge window [io  0x7000-0x7fff]: assigned
Mar 09 22:36:06 localhost kernel: pci 0000:00:18.5: bridge window [io  0x8000-0x8fff]: assigned
Mar 09 22:36:06 localhost kernel: pci 0000:00:18.4: bridge window [io  0x9000-0x9fff]: assigned
Mar 09 22:36:06 localhost kernel: pci 0000:00:18.3: bridge window [io  0xa000-0xafff]: assigned
Mar 09 22:36:06 localhost kernel: pci 0000:00:18.2: bridge window [io  0xb000-0xbfff]: assigned
Mar 09 22:36:06 localhost kernel: pci 0000:00:18.1: bridge window [io  0xc000-0xcfff]: assigned
Mar 09 22:36:06 localhost kernel: pci 0000:00:18.0: bridge window [io  0xd000-0xdfff]: assigned
Mar 09 22:36:06 localhost kernel: pci 0000:00:17.7: bridge window [io  0xe000-0xefff]: assigned
Mar 09 22:36:06 localhost kernel: pci 0000:00:17.6: bridge window [io  0xf000-0xffff]: assigned
Mar 09 22:36:06 localhost kernel: pci 0000:00:17.5: bridge window [io  size 0x1000]: can't assign; no space
Mar 09 22:36:06 localhost kernel: pci 0000:00:17.5: bridge window [io  size 0x1000]: failed to assign
Mar 09 22:36:06 localhost kernel: pci 0000:00:17.4: bridge window [io  size 0x1000]: can't assign; no space
Mar 09 22:36:06 localhost kernel: pci 0000:00:17.4: bridge window [io  size 0x1000]: failed to assign
Mar 09 22:36:06 localhost kernel: pci 0000:00:17.3: bridge window [io  size 0x1000]: can't assign; no space
Mar 09 22:36:06 localhost kernel: pci 0000:00:17.3: bridge window [io  size 0x1000]: failed to assign
Mar 09 22:36:06 localhost kernel: pci 0000:00:17.2: bridge window [io  size 0x1000]: can't assign; no space
Mar 09 22:36:06 localhost kernel: pci 0000:00:17.2: bridge window [io  size 0x1000]: failed to assign
Mar 09 22:36:06 localhost kernel: pci 0000:00:17.1: bridge window [io  size 0x1000]: can't assign; no space
Mar 09 22:36:06 localhost kernel: pci 0000:00:17.1: bridge window [io  size 0x1000]: failed to assign
Mar 09 22:36:06 localhost kernel: pci 0000:00:17.0: bridge window [io  size 0x1000]: can't assign; no space
Mar 09 22:36:06 localhost kernel: pci 0000:00:17.0: bridge window [io  size 0x1000]: failed to assign
Mar 09 22:36:06 localhost kernel: pci 0000:00:16.7: bridge window [io  size 0x1000]: can't assign; no space
Mar 09 22:36:06 localhost kernel: pci 0000:00:16.7: bridge window [io  size 0x1000]: failed to assign
Mar 09 22:36:06 localhost kernel: pci 0000:00:16.6: bridge window [io  size 0x1000]: can't assign; no space
Mar 09 22:36:06 localhost kernel: pci 0000:00:16.6: bridge window [io  size 0x1000]: failed to assign
Mar 09 22:36:06 localhost kernel: pci 0000:00:16.5: bridge window [io  size 0x1000]: can't assign; no space
Mar 09 22:36:06 localhost kernel: pci 0000:00:16.5: bridge window [io  size 0x1000]: failed to assign
Mar 09 22:36:06 localhost kernel: pci 0000:00:16.4: bridge window [io  size 0x1000]: can't assign; no space
Mar 09 22:36:06 localhost kernel: pci 0000:00:16.4: bridge window [io  size 0x1000]: failed to assign
Mar 09 22:36:06 localhost kernel: pci 0000:00:16.3: bridge window [io  size 0x1000]: can't assign; no space
Mar 09 22:36:06 localhost kernel: pci 0000:00:16.3: bridge window [io  size 0x1000]: failed to assign
Mar 09 22:36:06 localhost kernel: pci 0000:00:16.2: bridge window [io  size 0x1000]: can't assign; no space
Mar 09 22:36:06 localhost kernel: pci 0000:00:16.2: bridge window [io  size 0x1000]: failed to assign
Mar 09 22:36:06 localhost kernel: pci 0000:00:16.1: bridge window [io  size 0x1000]: can't assign; no space
Mar 09 22:36:06 localhost kernel: pci 0000:00:16.1: bridge window [io  size 0x1000]: failed to assign
Mar 09 22:36:06 localhost kernel: pci 0000:00:15.7: bridge window [io  size 0x1000]: can't assign; no space
Mar 09 22:36:06 localhost kernel: pci 0000:00:15.7: bridge window [io  size 0x1000]: failed to assign
Mar 09 22:36:06 localhost kernel: pci 0000:00:15.6: bridge window [io  size 0x1000]: can't assign; no space
Mar 09 22:36:06 localhost kernel: pci 0000:00:15.6: bridge window [io  size 0x1000]: failed to assign
Mar 09 22:36:06 localhost kernel: pci 0000:00:15.5: bridge window [io  size 0x1000]: can't assign; no space
Mar 09 22:36:06 localhost kernel: pci 0000:00:15.5: bridge window [io  size 0x1000]: failed to assign
Mar 09 22:36:06 localhost kernel: pci 0000:00:15.4: bridge window [io  size 0x1000]: can't assign; no space
Mar 09 22:36:06 localhost kernel: pci 0000:00:15.4: bridge window [io  size 0x1000]: failed to assign
Mar 09 22:36:06 localhost kernel: pci 0000:00:15.3: bridge window [io  size 0x1000]: can't assign; no space
Mar 09 22:36:06 localhost kernel: pci 0000:00:15.3: bridge window [io  size 0x1000]: failed to assign
Mar 09 22:36:06 localhost kernel: pci 0000:00:15.2: bridge window [io  size 0x1000]: can't assign; no space
Mar 09 22:36:06 localhost kernel: pci 0000:00:15.2: bridge window [io  size 0x1000]: failed to assign
Mar 09 22:36:06 localhost kernel: pci 0000:00:15.1: bridge window [io  size 0x1000]: can't assign; no space
Mar 09 22:36:06 localhost kernel: pci 0000:00:15.1: bridge window [io  size 0x1000]: failed to assign
Mar 09 22:36:06 localhost kernel: pci 0000:00:01.0: PCI bridge to [bus 01]
Mar 09 22:36:06 localhost kernel: pci 0000:02:03.0: ROM [mem 0xfc000000-0xfc00ffff pref]: assigned
Mar 09 22:36:06 localhost kernel: pci 0000:00:11.0: PCI bridge to [bus 02]
Mar 09 22:36:06 localhost kernel: pci 0000:00:11.0:   bridge window [io  0x1000-0x1fff]
Mar 09 22:36:06 localhost kernel: pci 0000:00:11.0:   bridge window [mem 0xfc000000-0xfc9fffff]
Mar 09 22:36:06 localhost kernel: pci 0000:00:11.0:   bridge window [mem 0xf8000000-0xf84fffff 64bit pref]
Mar 09 22:36:06 localhost kernel: pci 0000:03:00.0: ROM [mem 0xfea00000-0xfea0ffff pref]: assigned
Mar 09 22:36:06 localhost kernel: pci 0000:00:15.0: PCI bridge to [bus 03]
Mar 09 22:36:06 localhost kernel: pci 0000:00:15.0:   bridge window [io  0x4000-0x4fff]
Mar 09 22:36:06 localhost kernel: pci 0000:00:15.0:   bridge window [mem 0xfea00000-0xfeafffff]
Mar 09 22:36:06 localhost kernel: pci 0000:00:15.0:   bridge window [mem 0xfef00000-0xff0fffff 64bit pref]
Mar 09 22:36:06 localhost kernel: pci 0000:00:15.1: PCI bridge to [bus 04]
Mar 09 22:36:06 localhost kernel: pci 0000:00:15.1:   bridge window [mem 0xfe900000-0xfe9fffff]
Mar 09 22:36:06 localhost kernel: pci 0000:00:15.1:   bridge window [mem 0xfa200000-0xfa2fffff 64bit pref]
Mar 09 22:36:06 localhost kernel: pci 0000:00:15.2: PCI bridge to [bus 05]
Mar 09 22:36:06 localhost kernel: pci 0000:00:15.2:   bridge window [mem 0xfe800000-0xfe8fffff]
Mar 09 22:36:06 localhost kernel: pci 0000:00:15.2:   bridge window [mem 0xfa100000-0xfa1fffff 64bit pref]
Mar 09 22:36:06 localhost kernel: pci 0000:00:15.3: PCI bridge to [bus 06]
Mar 09 22:36:06 localhost kernel: pci 0000:00:15.3:   bridge window [mem 0xfe700000-0xfe7fffff]
